[1.538s] Invoking command in '/home/tural/ROS2/src/rover_bringup': AMENT_PREFIX_PATH=/home/tural/ROS2/install/motor_bridge:/home/tural/ROS2/install/ldlidar_stl_ros2:${AMENT_PREFIX_PATH} CMAKE_PREFIX_PATH=/home/tural/ROS2/install/ldlidar_stl_ros2:${CMAKE_PREFIX_PATH} DEBUGINFOD_URLS=https://debuginfod.ubuntu.com PYTHONPATH=/home/tural/ROS2/build/rover_bringup/prefix_override:/usr/lib/python3/dist-packages/colcon_core/task/python/colcon_distutils_commands:/home/tural/ROS2/install/rover_bringup/lib/python3.12/site-packages:/home/tural/ROS2/install/motor_bridge/lib/python3.12/site-packages:${PYTHONPATH} /usr/bin/python3 -W ignore:setup.py install is deprecated -W ignore:easy_install command is deprecated setup.py egg_info --egg-base ../../build/rover_bringup build --build-base /home/tural/ROS2/build/rover_bringup/build install --record /home/tural/ROS2/build/rover_bringup/install.log --install-scripts $base/lib/rover_bringup --single-version-externally-managed install_data
[2.017s] running egg_info
[2.053s] writing ../../build/rover_bringup/rover_bringup.egg-info/PKG-INFO
[2.053s] writing dependency_links to ../../build/rover_bringup/rover_bringup.egg-info/dependency_links.txt
[2.054s] writing requirements to ../../build/rover_bringup/rover_bringup.egg-info/requires.txt
[2.054s] writing top-level names to ../../build/rover_bringup/rover_bringup.egg-info/top_level.txt
[2.131s] reading manifest file '../../build/rover_bringup/rover_bringup.egg-info/SOURCES.txt'
[2.132s] writing manifest file '../../build/rover_bringup/rover_bringup.egg-info/SOURCES.txt'
[2.132s] running build
[2.132s] running build_py
[2.133s] copying rover_bringup/__init__.py -> /home/tural/ROS2/build/rover_bringup/build/lib/rover_bringup
[2.133s] running install
[2.139s] running install_lib
[2.176s] running install_data
[2.176s] copying resource/rover_bringup -> /home/tural/ROS2/install/rover_bringup/share/ament_index/resource_index/packages
[2.176s] copying package.xml -> /home/tural/ROS2/install/rover_bringup/share/rover_bringup
[2.177s] copying launch/nav2.launch.py -> /home/tural/ROS2/install/rover_bringup/share/rover_bringup/launch
[2.177s] copying launch/rviz.launch.py -> /home/tural/ROS2/install/rover_bringup/share/rover_bringup/launch
[2.177s] copying launch/slam.launch.py -> /home/tural/ROS2/install/rover_bringup/share/rover_bringup/launch
[2.177s] copying launch/bringup.launch.py -> /home/tural/ROS2/install/rover_bringup/share/rover_bringup/launch
[2.177s] copying urdf/rover.urdf.xacro -> /home/tural/ROS2/install/rover_bringup/share/rover_bringup/urdf
[2.177s] copying config/nav2_params.yaml -> /home/tural/ROS2/install/rover_bringup/share/rover_bringup/config
[2.177s] copying config/slam_params.yaml -> /home/tural/ROS2/install/rover_bringup/share/rover_bringup/config
[2.177s] copying rviz/mapping.rviz -> /home/tural/ROS2/install/rover_bringup/share/rover_bringup/rviz
[2.177s] copying rviz/nav.rviz -> /home/tural/ROS2/install/rover_bringup/share/rover_bringup/rviz
[2.178s] creating /home/tural/ROS2/install/rover_bringup/share/rover_bringup/maps
[2.178s] copying maps/restaurant_map.yaml -> /home/tural/ROS2/install/rover_bringup/share/rover_bringup/maps
[2.178s] copying maps/restaurant_map.pgm -> /home/tural/ROS2/install/rover_bringup/share/rover_bringup/maps
[2.178s] running install_egg_info
[2.212s] removing '/home/tural/ROS2/install/rover_bringup/lib/python3.12/site-packages/rover_bringup-0.0.0-py3.12.egg-info' (and everything under it)
[2.212s] Copying ../../build/rover_bringup/rover_bringup.egg-info to /home/tural/ROS2/install/rover_bringup/lib/python3.12/site-packages/rover_bringup-0.0.0-py3.12.egg-info
[2.213s] running install_scripts
[2.282s] writing list of installed files to '/home/tural/ROS2/build/rover_bringup/install.log'
[2.311s] Invoked command in '/home/tural/ROS2/src/rover_bringup' returned '0': AMENT_PREFIX_PATH=/home/tural/ROS2/install/motor_bridge:/home/tural/ROS2/install/ldlidar_stl_ros2:${AMENT_PREFIX_PATH} CMAKE_PREFIX_PATH=/home/tural/ROS2/install/ldlidar_stl_ros2:${CMAKE_PREFIX_PATH} DEBUGINFOD_URLS=https://debuginfod.ubuntu.com PYTHONPATH=/home/tural/ROS2/build/rover_bringup/prefix_override:/usr/lib/python3/dist-packages/colcon_core/task/python/colcon_distutils_commands:/home/tural/ROS2/install/rover_bringup/lib/python3.12/site-packages:/home/tural/ROS2/install/motor_bridge/lib/python3.12/site-packages:${PYTHONPATH} /usr/bin/python3 -W ignore:setup.py install is deprecated -W ignore:easy_install command is deprecated setup.py egg_info --egg-base ../../build/rover_bringup build --build-base /home/tural/ROS2/build/rover_bringup/build install --record /home/tural/ROS2/build/rover_bringup/install.log --install-scripts $base/lib/rover_bringup --single-version-externally-managed install_data
