[0.826s] Invoking command in '/home/tural/ROS2/src/rover_bringup': AMENT_PREFIX_PATH=/home/tural/ROS2/install/motor_bridge:/home/tural/ROS2/install/ldlidar_stl_ros2:${AMENT_PREFIX_PATH} CMAKE_PREFIX_PATH=/home/tural/ROS2/install/ldlidar_stl_ros2:${CMAKE_PREFIX_PATH} DEBUGINFOD_URLS=https://debuginfod.ubuntu.com PYTHONPATH=/home/tural/ROS2/build/rover_bringup/prefix_override:/usr/lib/python3/dist-packages/colcon_core/task/python/colcon_distutils_commands:/home/tural/ROS2/install/rover_bringup/lib/python3.12/site-packages:/home/tural/ROS2/install/motor_bridge/lib/python3.12/site-packages:${PYTHONPATH} /usr/bin/python3 -W ignore:setup.py install is deprecated -W ignore:easy_install command is deprecated setup.py egg_info --egg-base ../../build/rover_bringup build --build-base /home/tural/ROS2/build/rover_bringup/build install --record /home/tural/ROS2/build/rover_bringup/install.log --install-scripts $base/lib/rover_bringup --single-version-externally-managed install_data
[1.071s] running egg_info
[1.090s] writing ../../build/rover_bringup/rover_bringup.egg-info/PKG-INFO
[1.090s] writing dependency_links to ../../build/rover_bringup/rover_bringup.egg-info/dependency_links.txt
[1.090s] writing requirements to ../../build/rover_bringup/rover_bringup.egg-info/requires.txt
[1.090s] writing top-level names to ../../build/rover_bringup/rover_bringup.egg-info/top_level.txt
[1.131s] reading manifest file '../../build/rover_bringup/rover_bringup.egg-info/SOURCES.txt'
[1.133s] writing manifest file '../../build/rover_bringup/rover_bringup.egg-info/SOURCES.txt'
[1.133s] running build
[1.133s] running build_py
[1.133s] copying rover_bringup/__init__.py -> /home/tural/ROS2/build/rover_bringup/build/lib/rover_bringup
[1.133s] running install
[1.136s] running install_lib
[1.156s] running install_data
[1.156s] copying resource/rover_bringup -> /home/tural/ROS2/install/rover_bringup/share/ament_index/resource_index/packages
[1.156s] copying package.xml -> /home/tural/ROS2/install/rover_bringup/share/rover_bringup
[1.156s] copying launch/slam.launch.py -> /home/tural/ROS2/install/rover_bringup/share/rover_bringup/launch
[1.156s] copying launch/bringup.launch.py -> /home/tural/ROS2/install/rover_bringup/share/rover_bringup/launch
[1.156s] copying urdf/rover.urdf.xacro -> /home/tural/ROS2/install/rover_bringup/share/rover_bringup/urdf
[1.157s] copying config/slam_params.yaml -> /home/tural/ROS2/install/rover_bringup/share/rover_bringup/config
[1.157s] running install_egg_info
[1.176s] removing '/home/tural/ROS2/install/rover_bringup/lib/python3.12/site-packages/rover_bringup-0.0.0-py3.12.egg-info' (and everything under it)
[1.176s] Copying ../../build/rover_bringup/rover_bringup.egg-info to /home/tural/ROS2/install/rover_bringup/lib/python3.12/site-packages/rover_bringup-0.0.0-py3.12.egg-info
[1.177s] running install_scripts
[1.217s] writing list of installed files to '/home/tural/ROS2/build/rover_bringup/install.log'
[1.234s] Invoked command in '/home/tural/ROS2/src/rover_bringup' returned '0': AMENT_PREFIX_PATH=/home/tural/ROS2/install/motor_bridge:/home/tural/ROS2/install/ldlidar_stl_ros2:${AMENT_PREFIX_PATH} CMAKE_PREFIX_PATH=/home/tural/ROS2/install/ldlidar_stl_ros2:${CMAKE_PREFIX_PATH} DEBUGINFOD_URLS=https://debuginfod.ubuntu.com PYTHONPATH=/home/tural/ROS2/build/rover_bringup/prefix_override:/usr/lib/python3/dist-packages/colcon_core/task/python/colcon_distutils_commands:/home/tural/ROS2/install/rover_bringup/lib/python3.12/site-packages:/home/tural/ROS2/install/motor_bridge/lib/python3.12/site-packages:${PYTHONPATH} /usr/bin/python3 -W ignore:setup.py install is deprecated -W ignore:easy_install command is deprecated setup.py egg_info --egg-base ../../build/rover_bringup build --build-base /home/tural/ROS2/build/rover_bringup/build install --record /home/tural/ROS2/build/rover_bringup/install.log --install-scripts $base/lib/rover_bringup --single-version-externally-managed install_data
