/home/tural/ROS2/src/ldlidar_stl_ros2/ldlidar_driver/src/logger/log_module.cpp: In member function ‘void LogModule::InitLock()’:
/home/tural/ROS2/src/ldlidar_stl_ros2/ldlidar_driver/src/logger/log_module.cpp:172:3: error: ‘pthread_mutex_init’ was not declared in this scope; did you mean ‘pthread_mutex_t’?
  172 |   pthread_mutex_init(&mutex_lock_,NULL);
      |   ^~~~~~~~~~~~~~~~~~
      |   pthread_mutex_t
/home/tural/ROS2/src/ldlidar_stl_ros2/ldlidar_driver/src/logger/log_module.cpp: In member function ‘void LogModule::RealseLock()’:
/home/tural/ROS2/src/ldlidar_stl_ros2/ldlidar_driver/src/logger/log_module.cpp:180:9: error: ‘pthread_mutex_unlock’ was not declared in this scope; did you mean ‘pthread_mutex_t’?
  180 |         pthread_mutex_unlock(&mutex_lock_);
      |         ^~~~~~~~~~~~~~~~~~~~
      |         pthread_mutex_t
/home/tural/ROS2/src/ldlidar_stl_ros2/ldlidar_driver/src/logger/log_module.cpp: In member function ‘void LogModule::Lock()’:
/home/tural/ROS2/src/ldlidar_stl_ros2/ldlidar_driver/src/logger/log_module.cpp:188:9: error: ‘pthread_mutex_lock’ was not declared in this scope; did you mean ‘pthread_mutex_t’?
  188 |         pthread_mutex_lock(&mutex_lock_);
      |         ^~~~~~~~~~~~~~~~~~
      |         pthread_mutex_t
/home/tural/ROS2/src/ldlidar_stl_ros2/ldlidar_driver/src/logger/log_module.cpp: In member function ‘void LogModule::UnLock()’:
/home/tural/ROS2/src/ldlidar_stl_ros2/ldlidar_driver/src/logger/log_module.cpp:196:9: error: ‘pthread_mutex_unlock’ was not declared in this scope; did you mean ‘pthread_mutex_t’?
  196 |         pthread_mutex_unlock(&mutex_lock_);
      |         ^~~~~~~~~~~~~~~~~~~~
      |         pthread_mutex_t
gmake[2]: *** [CMakeFiles/ldlidar_stl_ros2_node.dir/build.make:132: CMakeFiles/ldlidar_stl_ros2_node.dir/ldlidar_driver/src/logger/log_module.cpp.o] Error 1
gmake[2]: *** Waiting for unfinished jobs....
gmake[1]: *** [CMakeFiles/Makefile2:137: CMakeFiles/ldlidar_stl_ros2_node.dir/all] Error 2
gmake: *** [Makefile:146: all] Error 2
