-- The C compiler identification is GNU 13.3.0
-- The CXX compiler identification is GNU 13.3.0
-- Detecting C compiler ABI info
-- Detecting C compiler ABI info - done
-- Check for working C compiler: /usr/bin/cc - skipped
-- Detecting C compile features
-- Detecting C compile features - done
-- Detecting CXX compiler ABI info
-- Detecting CXX compiler ABI info - done
-- Check for working CXX compiler: /usr/bin/c++ - skipped
-- Detecting CXX compile features
-- Detecting CXX compile features - done
-- Found ament_cmake: 2.5.6 (/opt/ros/jazzy/share/ament_cmake/cmake)
-- Found Python3: /usr/bin/python3 (found version "3.12.3") found components: Interpreter 
-- Override CMake install command with custom implementation using symlinks instead of copying resources
-- Found rclcpp: 28.1.22 (/opt/ros/jazzy/share/rclcpp/cmake)
-- Found rosidl_generator_c: 4.6.9 (/opt/ros/jazzy/share/rosidl_generator_c/cmake)
-- Found rosidl_generator_cpp: 4.6.9 (/opt/ros/jazzy/share/rosidl_generator_cpp/cmake)
-- Using all available rosidl_typesupport_c: rosidl_typesupport_fastrtps_c;rosidl_typesupport_introspection_c
-- Using all available rosidl_typesupport_cpp: rosidl_typesupport_fastrtps_cpp;rosidl_typesupport_introspection_cpp
-- Found rmw_implementation_cmake: 7.3.3 (/opt/ros/jazzy/share/rmw_implementation_cmake/cmake)
-- Found rmw_fastrtps_cpp: 8.4.4 (/opt/ros/jazzy/share/rmw_fastrtps_cpp/cmake)
-- Found OpenSSL: /usr/lib/x86_64-linux-gnu/libcrypto.so (found version "3.0.13")  
-- Found FastRTPS: /opt/ros/jazzy/include (Required is at least version "2.13") 
-- Using RMW implementation 'rmw_fastrtps_cpp' as default
-- Found sensor_msgs: 5.3.8 (/opt/ros/jazzy/share/sensor_msgs/cmake)
-- Found ament_lint_auto: 0.17.5 (/opt/ros/jazzy/share/ament_lint_auto/cmake)
-- Added test 'copyright' to check source files copyright and LICENSE
-- Added test 'cppcheck' to perform static code analysis on C / C++ code
-- Configured cppcheck include dirs: /home/tural/ROS2/src/ldlidar_stl_ros2/include;/home/tural/ROS2/src/ldlidar_stl_ros2/ldlidar_driver/include/core;/home/tural/ROS2/src/ldlidar_stl_ros2/ldlidar_driver/include/dataprocess;/home/tural/ROS2/src/ldlidar_stl_ros2/ldlidar_driver/include/filter;/home/tural/ROS2/src/ldlidar_stl_ros2/ldlidar_driver/include/logger;/home/tural/ROS2/src/ldlidar_stl_ros2/ldlidar_driver/include/networkcom;/home/tural/ROS2/src/ldlidar_stl_ros2/ldlidar_driver/include/serialcom
-- Configured cppcheck exclude dirs and/or files: 
-- Added test 'cpplint' to check C / C++ code against the Google style
-- Configured cpplint exclude dirs and/or files: 
-- Added test 'flake8' to check Python code syntax and style conventions
-- Configured 'flake8' exclude dirs and/or files: 
-- Added test 'lint_cmake' to check CMake code style
-- Added test 'pep257' to check Python code against some of the docstring style conventions in PEP 257
-- Added test 'uncrustify' to check C / C++ code style
-- Configured uncrustify additional arguments: 
-- Added test 'xmllint' to check XML markup files
-- Configuring done (1.4s)
-- Generating done (0.0s)
-- Build files have been written to: /home/tural/ROS2/build/ldlidar_stl_ros2
[ 12%] Building CXX object CMakeFiles/ldlidar_stl_ros2_node.dir/ldlidar_driver/src/dataprocess/lipkg.cpp.o
[ 25%] Building CXX object CMakeFiles/ldlidar_stl_ros2_node.dir/ldlidar_driver/src/filter/tofbf.cpp.o
[ 37%] Building CXX object CMakeFiles/ldlidar_stl_ros2_node.dir/ldlidar_driver/src/logger/log_module.cpp.o
[ 50%] Building CXX object CMakeFiles/ldlidar_stl_ros2_node.dir/ldlidar_driver/src/networkcom/network_socket_interface_linux.cpp.o
[ 62%] Building CXX object CMakeFiles/ldlidar_stl_ros2_node.dir/ldlidar_driver/src/serialcom/serial_interface_linux.cpp.o
[ 87%] Building CXX object CMakeFiles/ldlidar_stl_ros2_node.dir/ldlidar_driver/src/core/ldlidar_driver.cpp.o
[ 87%] Building CXX object CMakeFiles/ldlidar_stl_ros2_node.dir/src/demo.cpp.o
/home/tural/ROS2/src/ldlidar_stl_ros2/ldlidar_driver/src/logger/log_module.cpp: In member function ‘void LogModule::InitLock()’:
/home/tural/ROS2/src/ldlidar_stl_ros2/ldlidar_driver/src/logger/log_module.cpp:172:3: error: ‘pthread_mutex_init’ was not declared in this scope; did you mean ‘pthread_mutex_t’?
  172 |   pthread_mutex_init(&mutex_lock_,NULL);
      |   ^~~~~~~~~~~~~~~~~~
      |   pthread_mutex_t
/home/tural/ROS2/src/ldlidar_stl_ros2/ldlidar_driver/src/logger/log_module.cpp: In member function ‘void LogModule::RealseLock()’:
/home/tural/ROS2/src/ldlidar_stl_ros2/ldlidar_driver/src/logger/log_module.cpp:180:9: error: ‘pthread_mutex_unlock’ was not declared in this scope; did you mean ‘pthread_mutex_t’?
  180 |         pthread_mutex_unlock(&mutex_lock_);
      |         ^~~~~~~~~~~~~~~~~~~~
      |         pthread_mutex_t
/home/tural/ROS2/src/ldlidar_stl_ros2/ldlidar_driver/src/logger/log_module.cpp: In member function ‘void LogModule::Lock()’:
/home/tural/ROS2/src/ldlidar_stl_ros2/ldlidar_driver/src/logger/log_module.cpp:188:9: error: ‘pthread_mutex_lock’ was not declared in this scope; did you mean ‘pthread_mutex_t’?
  188 |         pthread_mutex_lock(&mutex_lock_);
      |         ^~~~~~~~~~~~~~~~~~
      |         pthread_mutex_t
/home/tural/ROS2/src/ldlidar_stl_ros2/ldlidar_driver/src/logger/log_module.cpp: In member function ‘void LogModule::UnLock()’:
/home/tural/ROS2/src/ldlidar_stl_ros2/ldlidar_driver/src/logger/log_module.cpp:196:9: error: ‘pthread_mutex_unlock’ was not declared in this scope; did you mean ‘pthread_mutex_t’?
  196 |         pthread_mutex_unlock(&mutex_lock_);
      |         ^~~~~~~~~~~~~~~~~~~~
      |         pthread_mutex_t
gmake[2]: *** [CMakeFiles/ldlidar_stl_ros2_node.dir/build.make:132: CMakeFiles/ldlidar_stl_ros2_node.dir/ldlidar_driver/src/logger/log_module.cpp.o] Error 1
gmake[2]: *** Waiting for unfinished jobs....
gmake[1]: *** [CMakeFiles/Makefile2:137: CMakeFiles/ldlidar_stl_ros2_node.dir/all] Error 2
gmake: *** [Makefile:146: all] Error 2
