[0.011s] Invoking command in '/home/tural/ROS2/build/ldlidar_stl_ros2': CMAKE_PREFIX_PATH=${CMAKE_PREFIX_PATH}:/opt/ros/jazzy DEBUGINFOD_URLS=https://debuginfod.ubuntu.com /usr/bin/cmake /home/tural/ROS2/src/ldlidar_stl_ros2 -DAMENT_CMAKE_SYMLINK_INSTALL=1 -DCMAKE_INSTALL_PREFIX=/home/tural/ROS2/install/ldlidar_stl_ros2
[0.204s] -- The C compiler identification is GNU 13.3.0
[0.269s] -- The CXX compiler identification is GNU 13.3.0
[0.288s] -- Detecting C compiler ABI info
[0.365s] -- Detecting C compiler ABI info - done
[0.373s] -- Check for working C compiler: /usr/bin/cc - skipped
[0.374s] -- Detecting C compile features
[0.374s] -- Detecting C compile features - done
[0.384s] -- Detecting CXX compiler ABI info
[0.479s] -- Detecting CXX compiler ABI info - done
[0.489s] -- Check for working CXX compiler: /usr/bin/c++ - skipped
[0.489s] -- Detecting CXX compile features
[0.489s] -- Detecting CXX compile features - done
[0.498s] -- Found ament_cmake: 2.5.6 (/opt/ros/jazzy/share/ament_cmake/cmake)
[0.630s] -- Found Python3: /usr/bin/python3 (found version "3.12.3") found components: Interpreter 
[0.702s] -- Override CMake install command with custom implementation using symlinks instead of copying resources
[0.752s] -- Found rclcpp: 28.1.22 (/opt/ros/jazzy/share/rclcpp/cmake)
[0.804s] -- Found rosidl_generator_c: 4.6.9 (/opt/ros/jazzy/share/rosidl_generator_c/cmake)
[0.821s] -- Found rosidl_generator_cpp: 4.6.9 (/opt/ros/jazzy/share/rosidl_generator_cpp/cmake)
[0.846s] -- Using all available rosidl_typesupport_c: rosidl_typesupport_fastrtps_c;rosidl_typesupport_introspection_c
[0.868s] -- Using all available rosidl_typesupport_cpp: rosidl_typesupport_fastrtps_cpp;rosidl_typesupport_introspection_cpp
[0.962s] -- Found rmw_implementation_cmake: 7.3.3 (/opt/ros/jazzy/share/rmw_implementation_cmake/cmake)
[0.967s] -- Found rmw_fastrtps_cpp: 8.4.4 (/opt/ros/jazzy/share/rmw_fastrtps_cpp/cmake)
[1.070s] -- Found OpenSSL: /usr/lib/x86_64-linux-gnu/libcrypto.so (found version "3.0.13")  
[1.091s] -- Found FastRTPS: /opt/ros/jazzy/include (Required is at least version "2.13") 
[1.119s] -- Using RMW implementation 'rmw_fastrtps_cpp' as default
[1.219s] -- Found sensor_msgs: 5.3.8 (/opt/ros/jazzy/share/sensor_msgs/cmake)
[1.286s] -- Found ament_lint_auto: 0.17.5 (/opt/ros/jazzy/share/ament_lint_auto/cmake)
[1.392s] -- Added test 'copyright' to check source files copyright and LICENSE
[1.395s] -- Added test 'cppcheck' to perform static code analysis on C / C++ code
[1.396s] -- Configured cppcheck include dirs: /home/tural/ROS2/src/ldlidar_stl_ros2/include;/home/tural/ROS2/src/ldlidar_stl_ros2/ldlidar_driver/include/core;/home/tural/ROS2/src/ldlidar_stl_ros2/ldlidar_driver/include/dataprocess;/home/tural/ROS2/src/ldlidar_stl_ros2/ldlidar_driver/include/filter;/home/tural/ROS2/src/ldlidar_stl_ros2/ldlidar_driver/include/logger;/home/tural/ROS2/src/ldlidar_stl_ros2/ldlidar_driver/include/networkcom;/home/tural/ROS2/src/ldlidar_stl_ros2/ldlidar_driver/include/serialcom
[1.396s] -- Configured cppcheck exclude dirs and/or files: 
[1.398s] -- Added test 'cpplint' to check C / C++ code against the Google style
[1.398s] -- Configured cpplint exclude dirs and/or files: 
[1.399s] -- Added test 'flake8' to check Python code syntax and style conventions
[1.399s] -- Configured 'flake8' exclude dirs and/or files: 
[1.400s] -- Added test 'lint_cmake' to check CMake code style
[1.401s] -- Added test 'pep257' to check Python code against some of the docstring style conventions in PEP 257
[1.404s] -- Added test 'uncrustify' to check C / C++ code style
[1.404s] -- Configured uncrustify additional arguments: 
[1.404s] -- Added test 'xmllint' to check XML markup files
[1.406s] -- Configuring done (1.4s)
[1.414s] -- Generating done (0.0s)
[1.417s] -- Build files have been written to: /home/tural/ROS2/build/ldlidar_stl_ros2
[1.426s] Invoked command in '/home/tural/ROS2/build/ldlidar_stl_ros2' returned '0': CMAKE_PREFIX_PATH=${CMAKE_PREFIX_PATH}:/opt/ros/jazzy DEBUGINFOD_URLS=https://debuginfod.ubuntu.com /usr/bin/cmake /home/tural/ROS2/src/ldlidar_stl_ros2 -DAMENT_CMAKE_SYMLINK_INSTALL=1 -DCMAKE_INSTALL_PREFIX=/home/tural/ROS2/install/ldlidar_stl_ros2
[1.427s] Invoking command in '/home/tural/ROS2/build/ldlidar_stl_ros2': CMAKE_PREFIX_PATH=${CMAKE_PREFIX_PATH}:/opt/ros/jazzy DEBUGINFOD_URLS=https://debuginfod.ubuntu.com /usr/bin/cmake --build /home/tural/ROS2/build/ldlidar_stl_ros2 -- -j16 -l16
[1.497s] [ 12%] Building CXX object CMakeFiles/ldlidar_stl_ros2_node.dir/ldlidar_driver/src/dataprocess/lipkg.cpp.o
[1.497s] [ 25%] Building CXX object CMakeFiles/ldlidar_stl_ros2_node.dir/ldlidar_driver/src/filter/tofbf.cpp.o
[1.497s] [ 37%] Building CXX object CMakeFiles/ldlidar_stl_ros2_node.dir/ldlidar_driver/src/logger/log_module.cpp.o
[1.498s] [ 50%] Building CXX object CMakeFiles/ldlidar_stl_ros2_node.dir/ldlidar_driver/src/networkcom/network_socket_interface_linux.cpp.o
[1.498s] [ 62%] Building CXX object CMakeFiles/ldlidar_stl_ros2_node.dir/ldlidar_driver/src/serialcom/serial_interface_linux.cpp.o
[1.500s] [ 87%] Building CXX object CMakeFiles/ldlidar_stl_ros2_node.dir/ldlidar_driver/src/core/ldlidar_driver.cpp.o
[1.500s] [ 87%] Building CXX object CMakeFiles/ldlidar_stl_ros2_node.dir/src/demo.cpp.o
[1.684s] /home/tural/ROS2/src/ldlidar_stl_ros2/ldlidar_driver/src/logger/log_module.cpp: In member function ‘void LogModule::InitLock()’:
[1.685s] /home/tural/ROS2/src/ldlidar_stl_ros2/ldlidar_driver/src/logger/log_module.cpp:172:3: error: ‘pthread_mutex_init’ was not declared in this scope; did you mean ‘pthread_mutex_t’?
[1.685s]   172 |   pthread_mutex_init(&mutex_lock_,NULL);
[1.685s]       |   ^~~~~~~~~~~~~~~~~~
[1.685s]       |   pthread_mutex_t
[1.687s] /home/tural/ROS2/src/ldlidar_stl_ros2/ldlidar_driver/src/logger/log_module.cpp: In member function ‘void LogModule::RealseLock()’:
[1.687s] /home/tural/ROS2/src/ldlidar_stl_ros2/ldlidar_driver/src/logger/log_module.cpp:180:9: error: ‘pthread_mutex_unlock’ was not declared in this scope; did you mean ‘pthread_mutex_t’?
[1.687s]   180 |         pthread_mutex_unlock(&mutex_lock_);
[1.687s]       |         ^~~~~~~~~~~~~~~~~~~~
[1.687s]       |         pthread_mutex_t
[1.689s] /home/tural/ROS2/src/ldlidar_stl_ros2/ldlidar_driver/src/logger/log_module.cpp: In member function ‘void LogModule::Lock()’:
[1.689s] /home/tural/ROS2/src/ldlidar_stl_ros2/ldlidar_driver/src/logger/log_module.cpp:188:9: error: ‘pthread_mutex_lock’ was not declared in this scope; did you mean ‘pthread_mutex_t’?
[1.689s]   188 |         pthread_mutex_lock(&mutex_lock_);
[1.689s]       |         ^~~~~~~~~~~~~~~~~~
[1.689s]       |         pthread_mutex_t
[1.691s] /home/tural/ROS2/src/ldlidar_stl_ros2/ldlidar_driver/src/logger/log_module.cpp: In member function ‘void LogModule::UnLock()’:
[1.691s] /home/tural/ROS2/src/ldlidar_stl_ros2/ldlidar_driver/src/logger/log_module.cpp:196:9: error: ‘pthread_mutex_unlock’ was not declared in this scope; did you mean ‘pthread_mutex_t’?
[1.691s]   196 |         pthread_mutex_unlock(&mutex_lock_);
[1.691s]       |         ^~~~~~~~~~~~~~~~~~~~
[1.691s]       |         pthread_mutex_t
[1.723s] gmake[2]: *** [CMakeFiles/ldlidar_stl_ros2_node.dir/build.make:132: CMakeFiles/ldlidar_stl_ros2_node.dir/ldlidar_driver/src/logger/log_module.cpp.o] Error 1
[1.723s] gmake[2]: *** Waiting for unfinished jobs....
[4.502s] gmake[1]: *** [CMakeFiles/Makefile2:137: CMakeFiles/ldlidar_stl_ros2_node.dir/all] Error 2
[4.502s] gmake: *** [Makefile:146: all] Error 2
[4.504s] Invoked command in '/home/tural/ROS2/build/ldlidar_stl_ros2' returned '2': CMAKE_PREFIX_PATH=${CMAKE_PREFIX_PATH}:/opt/ros/jazzy DEBUGINFOD_URLS=https://debuginfod.ubuntu.com /usr/bin/cmake --build /home/tural/ROS2/build/ldlidar_stl_ros2 -- -j16 -l16
