[0.017s] Invoking command in '/home/tural/ROS2/build/ldlidar_stl_ros2': CMAKE_PREFIX_PATH=${CMAKE_PREFIX_PATH}:/home/tural/ROS2/install/rover_bringup:/home/tural/ROS2/install/motor_bridge:/opt/ros/jazzy DEBUGINFOD_URLS=https://debuginfod.ubuntu.com /usr/bin/cmake /home/tural/ROS2/src/ldlidar_stl_ros2 -DCMAKE_INSTALL_PREFIX=/home/tural/ROS2/install/ldlidar_stl_ros2
[0.044s] -- Found ament_cmake: 2.5.6 (/opt/ros/jazzy/share/ament_cmake/cmake)
[0.526s] -- Override CMake install command with custom implementation using symlinks instead of copying resources
[0.541s] -- Found rclcpp: 28.1.22 (/opt/ros/jazzy/share/rclcpp/cmake)
[0.604s] -- Found rosidl_generator_c: 4.6.9 (/opt/ros/jazzy/share/rosidl_generator_c/cmake)
[0.627s] -- Found rosidl_generator_cpp: 4.6.9 (/opt/ros/jazzy/share/rosidl_generator_cpp/cmake)
[0.650s] -- Using all available rosidl_typesupport_c: rosidl_typesupport_fastrtps_c;rosidl_typesupport_introspection_c
[0.677s] -- Using all available rosidl_typesupport_cpp: rosidl_typesupport_fastrtps_cpp;rosidl_typesupport_introspection_cpp
[0.815s] -- Found rmw_implementation_cmake: 7.3.3 (/opt/ros/jazzy/share/rmw_implementation_cmake/cmake)
[0.819s] -- Found rmw_fastrtps_cpp: 8.4.4 (/opt/ros/jazzy/share/rmw_fastrtps_cpp/cmake)
[0.978s] -- Using RMW implementation 'rmw_fastrtps_cpp' as default
[1.137s] -- Found sensor_msgs: 5.3.8 (/opt/ros/jazzy/share/sensor_msgs/cmake)
[1.257s] -- Found ament_lint_auto: 0.17.5 (/opt/ros/jazzy/share/ament_lint_auto/cmake)
[1.481s] -- Added test 'copyright' to check source files copyright and LICENSE
[1.487s] -- Added test 'cppcheck' to perform static code analysis on C / C++ code
[1.489s] -- Configured cppcheck include dirs: /home/tural/ROS2/src/ldlidar_stl_ros2/include;/home/tural/ROS2/src/ldlidar_stl_ros2/ldlidar_driver/include/core;/home/tural/ROS2/src/ldlidar_stl_ros2/ldlidar_driver/include/dataprocess;/home/tural/ROS2/src/ldlidar_stl_ros2/ldlidar_driver/include/filter;/home/tural/ROS2/src/ldlidar_stl_ros2/ldlidar_driver/include/logger;/home/tural/ROS2/src/ldlidar_stl_ros2/ldlidar_driver/include/networkcom;/home/tural/ROS2/src/ldlidar_stl_ros2/ldlidar_driver/include/serialcom
[1.489s] -- Configured cppcheck exclude dirs and/or files: 
[1.495s] -- Added test 'cpplint' to check C / C++ code against the Google style
[1.495s] -- Configured cpplint exclude dirs and/or files: 
[1.496s] -- Added test 'flake8' to check Python code syntax and style conventions
[1.496s] -- Configured 'flake8' exclude dirs and/or files: 
[1.498s] -- Added test 'lint_cmake' to check CMake code style
[1.499s] -- Added test 'pep257' to check Python code against some of the docstring style conventions in PEP 257
[1.505s] -- Added test 'uncrustify' to check C / C++ code style
[1.505s] -- Configured uncrustify additional arguments: 
[1.506s] -- Added test 'xmllint' to check XML markup files
[1.510s] -- Configuring done (1.5s)
[1.540s] -- Generating done (0.0s)
[1.546s] -- Build files have been written to: /home/tural/ROS2/build/ldlidar_stl_ros2
[1.565s] Invoked command in '/home/tural/ROS2/build/ldlidar_stl_ros2' returned '0': CMAKE_PREFIX_PATH=${CMAKE_PREFIX_PATH}:/home/tural/ROS2/install/rover_bringup:/home/tural/ROS2/install/motor_bridge:/opt/ros/jazzy DEBUGINFOD_URLS=https://debuginfod.ubuntu.com /usr/bin/cmake /home/tural/ROS2/src/ldlidar_stl_ros2 -DCMAKE_INSTALL_PREFIX=/home/tural/ROS2/install/ldlidar_stl_ros2
[1.568s] Invoking command in '/home/tural/ROS2/build/ldlidar_stl_ros2': CMAKE_PREFIX_PATH=${CMAKE_PREFIX_PATH}:/home/tural/ROS2/install/rover_bringup:/home/tural/ROS2/install/motor_bridge:/opt/ros/jazzy DEBUGINFOD_URLS=https://debuginfod.ubuntu.com /usr/bin/cmake --build /home/tural/ROS2/build/ldlidar_stl_ros2 -- -j16 -l16
[1.723s] [100%] Built target ldlidar_stl_ros2_node
[1.748s] Invoked command in '/home/tural/ROS2/build/ldlidar_stl_ros2' returned '0': CMAKE_PREFIX_PATH=${CMAKE_PREFIX_PATH}:/home/tural/ROS2/install/rover_bringup:/home/tural/ROS2/install/motor_bridge:/opt/ros/jazzy DEBUGINFOD_URLS=https://debuginfod.ubuntu.com /usr/bin/cmake --build /home/tural/ROS2/build/ldlidar_stl_ros2 -- -j16 -l16
[1.771s] Invoking command in '/home/tural/ROS2/build/ldlidar_stl_ros2': CMAKE_PREFIX_PATH=${CMAKE_PREFIX_PATH}:/home/tural/ROS2/install/rover_bringup:/home/tural/ROS2/install/motor_bridge:/opt/ros/jazzy DEBUGINFOD_URLS=https://debuginfod.ubuntu.com /usr/bin/cmake --install /home/tural/ROS2/build/ldlidar_stl_ros2
[1.790s] -- Install configuration: ""
[1.791s] -- Execute custom install script
[1.792s] -- Up-to-date symlink: /home/tural/ROS2/install/ldlidar_stl_ros2/lib/ldlidar_stl_ros2/ldlidar_stl_ros2_node
[1.792s] -- Up-to-date symlink: /home/tural/ROS2/install/ldlidar_stl_ros2/share/ldlidar_stl_ros2//launch/ld06.launch.py
[1.792s] -- Up-to-date symlink: /home/tural/ROS2/install/ldlidar_stl_ros2/share/ldlidar_stl_ros2//launch/ld19.launch.py
[1.793s] -- Up-to-date symlink: /home/tural/ROS2/install/ldlidar_stl_ros2/share/ldlidar_stl_ros2//launch/stl27l.launch.py
[1.793s] -- Up-to-date symlink: /home/tural/ROS2/install/ldlidar_stl_ros2/share/ldlidar_stl_ros2//launch/viewer_ld06.launch.py
[1.793s] -- Up-to-date symlink: /home/tural/ROS2/install/ldlidar_stl_ros2/share/ldlidar_stl_ros2//launch/viewer_ld19.launch.py
[1.793s] -- Up-to-date symlink: /home/tural/ROS2/install/ldlidar_stl_ros2/share/ldlidar_stl_ros2//launch/viewer_stl27l.launch.py
[1.794s] -- Up-to-date symlink: /home/tural/ROS2/install/ldlidar_stl_ros2/share/ldlidar_stl_ros2//rviz2/ldlidar.rviz
[1.794s] -- Up-to-date symlink: /home/tural/ROS2/install/ldlidar_stl_ros2/share/ament_index/resource_index/package_run_dependencies/ldlidar_stl_ros2
[1.794s] -- Up-to-date symlink: /home/tural/ROS2/install/ldlidar_stl_ros2/share/ament_index/resource_index/parent_prefix_path/ldlidar_stl_ros2
[1.794s] -- Up-to-date symlink: /home/tural/ROS2/install/ldlidar_stl_ros2/share/ldlidar_stl_ros2/environment/ament_prefix_path.sh
[1.795s] -- Up-to-date symlink: /home/tural/ROS2/install/ldlidar_stl_ros2/share/ldlidar_stl_ros2/environment/ament_prefix_path.dsv
[1.795s] -- Up-to-date symlink: /home/tural/ROS2/install/ldlidar_stl_ros2/share/ldlidar_stl_ros2/environment/path.sh
[1.795s] -- Up-to-date symlink: /home/tural/ROS2/install/ldlidar_stl_ros2/share/ldlidar_stl_ros2/environment/path.dsv
[1.795s] -- Up-to-date symlink: /home/tural/ROS2/install/ldlidar_stl_ros2/share/ldlidar_stl_ros2/local_setup.bash
[1.795s] -- Up-to-date symlink: /home/tural/ROS2/install/ldlidar_stl_ros2/share/ldlidar_stl_ros2/local_setup.sh
[1.795s] -- Up-to-date symlink: /home/tural/ROS2/install/ldlidar_stl_ros2/share/ldlidar_stl_ros2/local_setup.zsh
[1.796s] -- Up-to-date symlink: /home/tural/ROS2/install/ldlidar_stl_ros2/share/ldlidar_stl_ros2/local_setup.dsv
[1.796s] -- Symlinking: /home/tural/ROS2/install/ldlidar_stl_ros2/share/ldlidar_stl_ros2/package.dsv
[1.818s] -- Up-to-date symlink: /home/tural/ROS2/install/ldlidar_stl_ros2/share/ament_index/resource_index/packages/ldlidar_stl_ros2
[1.819s] -- Up-to-date symlink: /home/tural/ROS2/install/ldlidar_stl_ros2/share/ldlidar_stl_ros2/cmake/ldlidar_stl_ros2Config.cmake
[1.819s] -- Up-to-date symlink: /home/tural/ROS2/install/ldlidar_stl_ros2/share/ldlidar_stl_ros2/cmake/ldlidar_stl_ros2Config-version.cmake
[1.819s] -- Up-to-date symlink: /home/tural/ROS2/install/ldlidar_stl_ros2/share/ldlidar_stl_ros2/package.xml
[1.824s] Invoked command in '/home/tural/ROS2/build/ldlidar_stl_ros2' returned '0': CMAKE_PREFIX_PATH=${CMAKE_PREFIX_PATH}:/home/tural/ROS2/install/rover_bringup:/home/tural/ROS2/install/motor_bridge:/opt/ros/jazzy DEBUGINFOD_URLS=https://debuginfod.ubuntu.com /usr/bin/cmake --install /home/tural/ROS2/build/ldlidar_stl_ros2
