[0.649s] Invoking command in '/home/tural/ROS2/src/motor_bridge': DEBUGINFOD_URLS=https://debuginfod.ubuntu.com PYTHONPATH=/home/tural/ROS2/build/motor_bridge/prefix_override:/usr/lib/python3/dist-packages/colcon_core/task/python/colcon_distutils_commands:/home/tural/ROS2/install/motor_bridge/lib/python3.12/site-packages:${PYTHONPATH} /usr/bin/python3 -W ignore:setup.py install is deprecated -W ignore:easy_install command is deprecated setup.py egg_info --egg-base ../../build/motor_bridge build --build-base /home/tural/ROS2/build/motor_bridge/build install --record /home/tural/ROS2/build/motor_bridge/install.log --install-scripts $base/lib/motor_bridge --single-version-externally-managed install_data
[0.894s] running egg_info
[0.914s] writing ../../build/motor_bridge/motor_bridge.egg-info/PKG-INFO
[0.914s] writing dependency_links to ../../build/motor_bridge/motor_bridge.egg-info/dependency_links.txt
[0.915s] writing entry points to ../../build/motor_bridge/motor_bridge.egg-info/entry_points.txt
[0.915s] writing requirements to ../../build/motor_bridge/motor_bridge.egg-info/requires.txt
[0.915s] writing top-level names to ../../build/motor_bridge/motor_bridge.egg-info/top_level.txt
[0.955s] reading manifest file '../../build/motor_bridge/motor_bridge.egg-info/SOURCES.txt'
[0.956s] writing manifest file '../../build/motor_bridge/motor_bridge.egg-info/SOURCES.txt'
[0.956s] running build
[0.956s] running build_py
[0.956s] copying motor_bridge/__init__.py -> /home/tural/ROS2/build/motor_bridge/build/lib/motor_bridge
[0.956s] copying motor_bridge/serial_bridge_node.py -> /home/tural/ROS2/build/motor_bridge/build/lib/motor_bridge
[0.956s] running install
[0.960s] running install_lib
[0.979s] running install_data
[0.979s] copying resource/motor_bridge -> /home/tural/ROS2/install/motor_bridge/share/ament_index/resource_index/packages
[0.979s] copying package.xml -> /home/tural/ROS2/install/motor_bridge/share/motor_bridge
[0.979s] running install_egg_info
[0.998s] removing '/home/tural/ROS2/install/motor_bridge/lib/python3.12/site-packages/motor_bridge-0.0.0-py3.12.egg-info' (and everything under it)
[0.999s] Copying ../../build/motor_bridge/motor_bridge.egg-info to /home/tural/ROS2/install/motor_bridge/lib/python3.12/site-packages/motor_bridge-0.0.0-py3.12.egg-info
[1.000s] running install_scripts
[1.040s] Installing motor_bridge_node script to /home/tural/ROS2/install/motor_bridge/lib/motor_bridge
[1.040s] writing list of installed files to '/home/tural/ROS2/build/motor_bridge/install.log'
[1.057s] Invoked command in '/home/tural/ROS2/src/motor_bridge' returned '0': DEBUGINFOD_URLS=https://debuginfod.ubuntu.com PYTHONPATH=/home/tural/ROS2/build/motor_bridge/prefix_override:/usr/lib/python3/dist-packages/colcon_core/task/python/colcon_distutils_commands:/home/tural/ROS2/install/motor_bridge/lib/python3.12/site-packages:${PYTHONPATH} /usr/bin/python3 -W ignore:setup.py install is deprecated -W ignore:easy_install command is deprecated setup.py egg_info --egg-base ../../build/motor_bridge build --build-base /home/tural/ROS2/build/motor_bridge/build install --record /home/tural/ROS2/build/motor_bridge/install.log --install-scripts $base/lib/motor_bridge --single-version-externally-managed install_data
