[0.016s] Invoking command in '/home/tural/ROS2/build/ldlidar_stl_ros2': CMAKE_PREFIX_PATH=${CMAKE_PREFIX_PATH}:/home/tural/ROS2/install/rover_bringup:/home/tural/ROS2/install/motor_bridge:/opt/ros/jazzy DEBUGINFOD_URLS=https://debuginfod.ubuntu.com /usr/bin/cmake --build /home/tural/ROS2/build/ldlidar_stl_ros2 -- -j16 -l16
[0.146s] [100%] Built target ldlidar_stl_ros2_node
[0.219s] Invoked command in '/home/tural/ROS2/build/ldlidar_stl_ros2' returned '0': CMAKE_PREFIX_PATH=${CMAKE_PREFIX_PATH}:/home/tural/ROS2/install/rover_bringup:/home/tural/ROS2/install/motor_bridge:/opt/ros/jazzy DEBUGINFOD_URLS=https://debuginfod.ubuntu.com /usr/bin/cmake --build /home/tural/ROS2/build/ldlidar_stl_ros2 -- -j16 -l16
[0.230s] Invoking command in '/home/tural/ROS2/build/ldlidar_stl_ros2': CMAKE_PREFIX_PATH=${CMAKE_PREFIX_PATH}:/home/tural/ROS2/install/rover_bringup:/home/tural/ROS2/install/motor_bridge:/opt/ros/jazzy DEBUGINFOD_URLS=https://debuginfod.ubuntu.com /usr/bin/cmake --install /home/tural/ROS2/build/ldlidar_stl_ros2
[0.238s] -- Install configuration: ""
[0.239s] -- Execute custom install script
[0.240s] -- Up-to-date symlink: /home/tural/ROS2/install/ldlidar_stl_ros2/lib/ldlidar_stl_ros2/ldlidar_stl_ros2_node
[0.241s] -- Up-to-date symlink: /home/tural/ROS2/install/ldlidar_stl_ros2/share/ldlidar_stl_ros2//launch/ld06.launch.py
[0.241s] -- Up-to-date symlink: /home/tural/ROS2/install/ldlidar_stl_ros2/share/ldlidar_stl_ros2//launch/ld19.launch.py
[0.241s] -- Up-to-date symlink: /home/tural/ROS2/install/ldlidar_stl_ros2/share/ldlidar_stl_ros2//launch/stl27l.launch.py
[0.241s] -- Up-to-date symlink: /home/tural/ROS2/install/ldlidar_stl_ros2/share/ldlidar_stl_ros2//launch/viewer_ld06.launch.py
[0.241s] -- Up-to-date symlink: /home/tural/ROS2/install/ldlidar_stl_ros2/share/ldlidar_stl_ros2//launch/viewer_ld19.launch.py
[0.241s] -- Up-to-date symlink: /home/tural/ROS2/install/ldlidar_stl_ros2/share/ldlidar_stl_ros2//launch/viewer_stl27l.launch.py
[0.241s] -- Up-to-date symlink: /home/tural/ROS2/install/ldlidar_stl_ros2/share/ldlidar_stl_ros2//rviz2/ldlidar.rviz
[0.242s] -- Up-to-date symlink: /home/tural/ROS2/install/ldlidar_stl_ros2/share/ament_index/resource_index/package_run_dependencies/ldlidar_stl_ros2
[0.242s] -- Up-to-date symlink: /home/tural/ROS2/install/ldlidar_stl_ros2/share/ament_index/resource_index/parent_prefix_path/ldlidar_stl_ros2
[0.242s] -- Up-to-date symlink: /home/tural/ROS2/install/ldlidar_stl_ros2/share/ldlidar_stl_ros2/environment/ament_prefix_path.sh
[0.242s] -- Up-to-date symlink: /home/tural/ROS2/install/ldlidar_stl_ros2/share/ldlidar_stl_ros2/environment/ament_prefix_path.dsv
[0.242s] -- Up-to-date symlink: /home/tural/ROS2/install/ldlidar_stl_ros2/share/ldlidar_stl_ros2/environment/path.sh
[0.242s] -- Up-to-date symlink: /home/tural/ROS2/install/ldlidar_stl_ros2/share/ldlidar_stl_ros2/environment/path.dsv
[0.242s] -- Up-to-date symlink: /home/tural/ROS2/install/ldlidar_stl_ros2/share/ldlidar_stl_ros2/local_setup.bash
[0.242s] -- Up-to-date symlink: /home/tural/ROS2/install/ldlidar_stl_ros2/share/ldlidar_stl_ros2/local_setup.sh
[0.242s] -- Up-to-date symlink: /home/tural/ROS2/install/ldlidar_stl_ros2/share/ldlidar_stl_ros2/local_setup.zsh
[0.242s] -- Up-to-date symlink: /home/tural/ROS2/install/ldlidar_stl_ros2/share/ldlidar_stl_ros2/local_setup.dsv
[0.242s] -- Symlinking: /home/tural/ROS2/install/ldlidar_stl_ros2/share/ldlidar_stl_ros2/package.dsv
[0.251s] -- Up-to-date symlink: /home/tural/ROS2/install/ldlidar_stl_ros2/share/ament_index/resource_index/packages/ldlidar_stl_ros2
[0.251s] -- Up-to-date symlink: /home/tural/ROS2/install/ldlidar_stl_ros2/share/ldlidar_stl_ros2/cmake/ldlidar_stl_ros2Config.cmake
[0.251s] -- Up-to-date symlink: /home/tural/ROS2/install/ldlidar_stl_ros2/share/ldlidar_stl_ros2/cmake/ldlidar_stl_ros2Config-version.cmake
[0.251s] -- Up-to-date symlink: /home/tural/ROS2/install/ldlidar_stl_ros2/share/ldlidar_stl_ros2/package.xml
[0.253s] Invoked command in '/home/tural/ROS2/build/ldlidar_stl_ros2' returned '0': CMAKE_PREFIX_PATH=${CMAKE_PREFIX_PATH}:/home/tural/ROS2/install/rover_bringup:/home/tural/ROS2/install/motor_bridge:/opt/ros/jazzy DEBUGINFOD_URLS=https://debuginfod.ubuntu.com /usr/bin/cmake --install /home/tural/ROS2/build/ldlidar_stl_ros2
