[0.000000] (-) TimerEvent: {}
[0.000200] (ldlidar_stl_ros2) JobQueued: {'identifier': 'ldlidar_stl_ros2', 'dependencies': OrderedDict()}
[0.000271] (motor_bridge) JobQueued: {'identifier': 'motor_bridge', 'dependencies': OrderedDict()}
[0.000297] (rover_bringup) JobQueued: {'identifier': 'rover_bringup', 'dependencies': OrderedDict({'ldlidar_stl_ros2': '/home/tural/ROS2/install/ldlidar_stl_ros2', 'motor_bridge': '/home/tural/ROS2/install/motor_bridge'})}
[0.000323] (ldlidar_stl_ros2) JobStarted: {'identifier': 'ldlidar_stl_ros2'}
[0.003962] (motor_bridge) JobStarted: {'identifier': 'motor_bridge'}
[0.007279] (ldlidar_stl_ros2) JobProgress: {'identifier': 'ldlidar_stl_ros2', 'progress': 'cmake'}
[0.008464] (ldlidar_stl_ros2) Command: {'cmd': ['/usr/bin/cmake', '/home/tural/ROS2/src/ldlidar_stl_ros2', '-DCMAKE_INSTALL_PREFIX=/home/tural/ROS2/install/ldlidar_stl_ros2'], 'cwd': '/home/tural/ROS2/build/ldlidar_stl_ros2', 'env': OrderedDict({'USER': 'tural', 'XDG_SESSION_TYPE': 'x11', 'CLUTTER_DISABLE_MIPMAPPED_TEXT': '1', 'SHLVL': '1', 'HOME': '/home/tural', 'OLDPWD': '/home/tural', 'DESKTOP_SESSION': 'ubuntu', 'NVM_BIN': '/home/tural/.nvm/versions/node/v26.8.2/bin', 'NVM_INC': '/home/tural/.nvm/versions/node/v26.8.2/include/node', 'GNOME_SHELL_SESSION_MODE': 'ubuntu', 'GTK_MODULES': 'gail:atk-bridge', 'SYSTEMD_EXEC_PID': '2592', 'GSM_SKIP_SSH_AGENT_WORKAROUND': 'true', 'DBUS_SESSION_BUS_ADDRESS': 'unix:path=/run/user/1000/bus', 'COLORTERM': 'truecolor', 'NVM_DIR': '/home/tural/.nvm', 'DEBUGINFOD_URLS': 'https://debuginfod.ubuntu.com', 'LOGNAME': 'tural', '_': '/usr/bin/colcon', 'MEMORY_PRESSURE_WATCH': '/sys/fs/cgroup/user.slice/user-1000.slice/user@1000.service/session.slice/org.gnome.Shell@x11.service/memory.pressure', 'XDG_SESSION_CLASS': 'user', 'USERNAME': 'tural', 'TERM': 'xterm-256color', 'GNOME_DESKTOP_SESSION_ID': 'this-is-deprecated', 'WINDOWPATH': '2', 'PATH': '/home/tural/.nvm/versions/node/v26.8.2/bin:/home/tural/.cargo/bin:/usr/local/sbin:/usr/local/bin:/usr/sbin:/usr/bin:/sbin:/bin:/usr/games:/usr/local/games:/snap/bin:/snap/bin', 'SESSION_MANAGER': 'local/tural-LOQ-15IRX9:@/tmp/.ICE-unix/2541,unix/tural-LOQ-15IRX9:/tmp/.ICE-unix/2541', 'XDG_MENU_PREFIX': 'gnome-', 'GNOME_TERMINAL_SCREEN': '/org/gnome/Terminal/screen/7f911d97_4bab_4f85_b5b0_9324bb3885a6', 'XDG_RUNTIME_DIR': '/run/user/1000', 'DISPLAY': ':0', 'LANG': 'en_US.UTF-8', 'XDG_CURRENT_DESKTOP': 'ubuntu:GNOME', 'XMODIFIERS': '@im=ibus', 'XDG_SESSION_DESKTOP': 'ubuntu', 'XAUTHORITY': '/run/user/1000/gdm/Xauthority', 'GNOME_TERMINAL_SERVICE': ':1.169', 'SSH_AUTH_SOCK': '/run/user/1000/keyring/ssh', 'SHELL': '/bin/bash', 'QT_ACCESSIBILITY': '1', 'GDMSESSION': 'ubuntu', 'GPG_AGENT_INFO': '/run/user/1000/gnupg/S.gpg-agent:0:1', 'QT_IM_MODULE': 'ibus', 'PWD': '/home/tural/ROS2/build/ldlidar_stl_ros2', 'LC_ALL': 'en_US.UTF-8', 'XDG_CONFIG_DIRS': '/etc/xdg/xdg-ubuntu:/etc/xdg', 'NVM_CD_FLAGS': '', 'XDG_DATA_DIRS': '/usr/share/ubuntu:/usr/share/gnome:/usr/local/share/:/usr/share/:/var/lib/snapd/desktop', 'COLCON': '1', 'MEMORY_PRESSURE_WRITE': 'c29tZSAyMDAwMDAgMjAwMDAwMAA=', 'VTE_VERSION': '7600'}), 'shell': False}
[0.039138] (ldlidar_stl_ros2) StdoutLine: {'line': b'-- Found ament_cmake: 2.5.6 (/opt/ros/jazzy/share/ament_cmake/cmake)\n'}
[0.098167] (-) TimerEvent: {}
[0.198763] (-) TimerEvent: {}
[0.299251] (-) TimerEvent: {}
[0.399773] (-) TimerEvent: {}
[0.502964] (-) TimerEvent: {}
[0.603689] (-) TimerEvent: {}
[0.704284] (-) TimerEvent: {}
[0.804819] (-) TimerEvent: {}
[0.905342] (-) TimerEvent: {}
[1.005888] (-) TimerEvent: {}
[1.106446] (-) TimerEvent: {}
[1.207100] (-) TimerEvent: {}
[1.307673] (-) TimerEvent: {}
[1.408354] (-) TimerEvent: {}
[1.508892] (-) TimerEvent: {}
[1.609592] (-) TimerEvent: {}
[1.615028] (motor_bridge) Command: {'cmd': ['/usr/bin/python3', '-W', 'ignore:setup.py install is deprecated', '-W', 'ignore:easy_install command is deprecated', 'setup.py', 'egg_info', '--egg-base', '../../build/motor_bridge', 'build', '--build-base', '/home/tural/ROS2/build/motor_bridge/build', 'install', '--record', '/home/tural/ROS2/build/motor_bridge/install.log', '--install-scripts', '$base/lib/motor_bridge', '--single-version-externally-managed', 'install_data'], 'cwd': '/home/tural/ROS2/src/motor_bridge', 'env': OrderedDict({'USER': 'tural', 'XDG_SESSION_TYPE': 'x11', 'CLUTTER_DISABLE_MIPMAPPED_TEXT': '1', 'SHLVL': '1', 'HOME': '/home/tural', 'OLDPWD': '/home/tural', 'DESKTOP_SESSION': 'ubuntu', 'NVM_BIN': '/home/tural/.nvm/versions/node/v26.8.2/bin', 'NVM_INC': '/home/tural/.nvm/versions/node/v26.8.2/include/node', 'GNOME_SHELL_SESSION_MODE': 'ubuntu', 'GTK_MODULES': 'gail:atk-bridge', 'SYSTEMD_EXEC_PID': '2592', 'GSM_SKIP_SSH_AGENT_WORKAROUND': 'true', 'DBUS_SESSION_BUS_ADDRESS': 'unix:path=/run/user/1000/bus', 'COLORTERM': 'truecolor', 'NVM_DIR': '/home/tural/.nvm', 'DEBUGINFOD_URLS': 'https://debuginfod.ubuntu.com', 'LOGNAME': 'tural', '_': '/usr/bin/colcon', 'MEMORY_PRESSURE_WATCH': '/sys/fs/cgroup/user.slice/user-1000.slice/user@1000.service/session.slice/org.gnome.Shell@x11.service/memory.pressure', 'XDG_SESSION_CLASS': 'user', 'USERNAME': 'tural', 'TERM': 'xterm-256color', 'GNOME_DESKTOP_SESSION_ID': 'this-is-deprecated', 'WINDOWPATH': '2', 'PATH': '/home/tural/.nvm/versions/node/v26.8.2/bin:/home/tural/.cargo/bin:/usr/local/sbin:/usr/local/bin:/usr/sbin:/usr/bin:/sbin:/bin:/usr/games:/usr/local/games:/snap/bin:/snap/bin', 'SESSION_MANAGER': 'local/tural-LOQ-15IRX9:@/tmp/.ICE-unix/2541,unix/tural-LOQ-15IRX9:/tmp/.ICE-unix/2541', 'XDG_MENU_PREFIX': 'gnome-', 'GNOME_TERMINAL_SCREEN': '/org/gnome/Terminal/screen/7f911d97_4bab_4f85_b5b0_9324bb3885a6', 'XDG_RUNTIME_DIR': '/run/user/1000', 'DISPLAY': ':0', 'LANG': 'en_US.UTF-8', 'XDG_CURRENT_DESKTOP': 'ubuntu:GNOME', 'XMODIFIERS': '@im=ibus', 'XDG_SESSION_DESKTOP': 'ubuntu', 'XAUTHORITY': '/run/user/1000/gdm/Xauthority', 'GNOME_TERMINAL_SERVICE': ':1.169', 'SSH_AUTH_SOCK': '/run/user/1000/keyring/ssh', 'SHELL': '/bin/bash', 'QT_ACCESSIBILITY': '1', 'GDMSESSION': 'ubuntu', 'GPG_AGENT_INFO': '/run/user/1000/gnupg/S.gpg-agent:0:1', 'QT_IM_MODULE': 'ibus', 'PWD': '/home/tural/ROS2/build/motor_bridge', 'LC_ALL': 'en_US.UTF-8', 'XDG_CONFIG_DIRS': '/etc/xdg/xdg-ubuntu:/etc/xdg', 'NVM_CD_FLAGS': '', 'XDG_DATA_DIRS': '/usr/share/ubuntu:/usr/share/gnome:/usr/local/share/:/usr/share/:/var/lib/snapd/desktop', 'COLCON': '1', 'MEMORY_PRESSURE_WRITE': 'c29tZSAyMDAwMDAgMjAwMDAwMAA=', 'VTE_VERSION': '7600', 'PYTHONPATH': '/home/tural/ROS2/build/motor_bridge/prefix_override:/usr/lib/python3/dist-packages/colcon_core/task/python/colcon_distutils_commands:/home/tural/ROS2/install/motor_bridge/lib/python3.12/site-packages:'}), 'shell': False}
[1.709822] (-) TimerEvent: {}
[1.810450] (-) TimerEvent: {}
[1.911019] (-) TimerEvent: {}
[2.011566] (-) TimerEvent: {}
[2.112139] (-) TimerEvent: {}
[2.212791] (-) TimerEvent: {}
[2.313368] (-) TimerEvent: {}
[2.381244] (motor_bridge) StdoutLine: {'line': b'running egg_info\n'}
[2.413511] (-) TimerEvent: {}
[2.434616] (motor_bridge) StdoutLine: {'line': b'writing ../../build/motor_bridge/motor_bridge.egg-info/PKG-INFO\n'}
[2.436162] (motor_bridge) StdoutLine: {'line': b'writing dependency_links to ../../build/motor_bridge/motor_bridge.egg-info/dependency_links.txt\n'}
[2.436776] (motor_bridge) StdoutLine: {'line': b'writing entry points to ../../build/motor_bridge/motor_bridge.egg-info/entry_points.txt\n'}
[2.437379] (motor_bridge) StdoutLine: {'line': b'writing requirements to ../../build/motor_bridge/motor_bridge.egg-info/requires.txt\n'}
[2.437849] (motor_bridge) StdoutLine: {'line': b'writing top-level names to ../../build/motor_bridge/motor_bridge.egg-info/top_level.txt\n'}
[2.513679] (-) TimerEvent: {}
[2.551847] (motor_bridge) StdoutLine: {'line': b"reading manifest file '../../build/motor_bridge/motor_bridge.egg-info/SOURCES.txt'\n"}
[2.554439] (motor_bridge) StdoutLine: {'line': b"writing manifest file '../../build/motor_bridge/motor_bridge.egg-info/SOURCES.txt'\n"}
[2.554982] (motor_bridge) StdoutLine: {'line': b'running build\n'}
[2.555342] (motor_bridge) StdoutLine: {'line': b'running build_py\n'}
[2.555762] (motor_bridge) StdoutLine: {'line': b'copying motor_bridge/__init__.py -> /home/tural/ROS2/build/motor_bridge/build/lib/motor_bridge\n'}
[2.555976] (motor_bridge) StdoutLine: {'line': b'copying motor_bridge/serial_bridge_node.py -> /home/tural/ROS2/build/motor_bridge/build/lib/motor_bridge\n'}
[2.556318] (motor_bridge) StdoutLine: {'line': b'running install\n'}
[2.567298] (motor_bridge) StdoutLine: {'line': b'running install_lib\n'}
[2.604225] (motor_bridge) StdoutLine: {'line': b'running install_data\n'}
[2.604742] (motor_bridge) StdoutLine: {'line': b'copying resource/motor_bridge -> /home/tural/ROS2/install/motor_bridge/share/ament_index/resource_index/packages\n'}
[2.604991] (motor_bridge) StdoutLine: {'line': b'copying package.xml -> /home/tural/ROS2/install/motor_bridge/share/motor_bridge\n'}
[2.605307] (motor_bridge) StdoutLine: {'line': b'running install_egg_info\n'}
[2.613842] (-) TimerEvent: {}
[2.644090] (motor_bridge) StdoutLine: {'line': b"removing '/home/tural/ROS2/install/motor_bridge/lib/python3.12/site-packages/motor_bridge-0.0.0-py3.12.egg-info' (and everything under it)\n"}
[2.644607] (motor_bridge) StdoutLine: {'line': b'Copying ../../build/motor_bridge/motor_bridge.egg-info to /home/tural/ROS2/install/motor_bridge/lib/python3.12/site-packages/motor_bridge-0.0.0-py3.12.egg-info\n'}
[2.645834] (motor_bridge) StdoutLine: {'line': b'running install_scripts\n'}
[2.712205] (motor_bridge) StdoutLine: {'line': b'Installing motor_bridge_node script to /home/tural/ROS2/install/motor_bridge/lib/motor_bridge\n'}
[2.713009] (motor_bridge) StdoutLine: {'line': b"writing list of installed files to '/home/tural/ROS2/build/motor_bridge/install.log'\n"}
[2.714014] (-) TimerEvent: {}
[2.765931] (motor_bridge) CommandEnded: {'returncode': 0}
[2.783861] (motor_bridge) JobEnded: {'identifier': 'motor_bridge', 'rc': 0}
[2.814262] (-) TimerEvent: {}
[2.914781] (-) TimerEvent: {}
[3.015096] (-) TimerEvent: {}
[3.115422] (-) TimerEvent: {}
[3.215784] (-) TimerEvent: {}
[3.316141] (-) TimerEvent: {}
[3.416433] (-) TimerEvent: {}
[3.487135] (ldlidar_stl_ros2) StderrLine: {'line': b'Traceback (most recent call last):\n'}
[3.487399] (ldlidar_stl_ros2) StderrLine: {'line': b'  File "/opt/ros/jazzy/share/ament_cmake_core/cmake/package_templates/templates_2_cmake.py", line 21, in <module>\n'}
[3.487510] (ldlidar_stl_ros2) StderrLine: {'line': b'    from ament_package.templates import get_environment_hook_template_path\n'}
[3.487603] (ldlidar_stl_ros2) StderrLine: {'line': b"ModuleNotFoundError: No module named 'ament_package'\n"}
[3.516623] (-) TimerEvent: {}
[3.518947] (ldlidar_stl_ros2) StderrLine: {'line': b'\x1b[31mCMake Error at /opt/ros/jazzy/share/ament_cmake_core/cmake/ament_cmake_package_templates-extras.cmake:41 (message):\n'}
[3.519195] (ldlidar_stl_ros2) StderrLine: {'line': b'  execute_process(/usr/bin/python3\n'}
[3.519311] (ldlidar_stl_ros2) StderrLine: {'line': b'  /opt/ros/jazzy/share/ament_cmake_core/cmake/package_templates/templates_2_cmake.py\n'}
[3.519455] (ldlidar_stl_ros2) StderrLine: {'line': b'  /home/tural/ROS2/build/ldlidar_stl_ros2/ament_cmake_package_templates/templates.cmake)\n'}
[3.519558] (ldlidar_stl_ros2) StderrLine: {'line': b'  returned error code 1\n'}
[3.519652] (ldlidar_stl_ros2) StderrLine: {'line': b'Call Stack (most recent call first):\n'}
[3.519745] (ldlidar_stl_ros2) StderrLine: {'line': b'  /opt/ros/jazzy/share/ament_cmake_core/cmake/ament_cmake_coreConfig.cmake:41 (include)\n'}
[3.519840] (ldlidar_stl_ros2) StderrLine: {'line': b'  /opt/ros/jazzy/share/ament_cmake/cmake/ament_cmake_export_dependencies-extras.cmake:15 (find_package)\n'}
[3.519938] (ldlidar_stl_ros2) StderrLine: {'line': b'  /opt/ros/jazzy/share/ament_cmake/cmake/ament_cmakeConfig.cmake:41 (include)\n'}
[3.520034] (ldlidar_stl_ros2) StderrLine: {'line': b'  CMakeLists.txt:19 (find_package)\n'}
[3.520145] (ldlidar_stl_ros2) StderrLine: {'line': b'\n'}
[3.520244] (ldlidar_stl_ros2) StderrLine: {'line': b'\x1b[0m\n'}
[3.520342] (ldlidar_stl_ros2) StdoutLine: {'line': b'-- Configuring incomplete, errors occurred!\n'}
[3.523267] (ldlidar_stl_ros2) CommandEnded: {'returncode': 1}
[3.536440] (ldlidar_stl_ros2) JobEnded: {'identifier': 'ldlidar_stl_ros2', 'rc': 1}
[3.538729] (rover_bringup) JobSkipped: {'identifier': 'rover_bringup'}
[3.538811] (-) EventReactorShutdown: {}
