/home/tural/ROS2/install/rover_bringup/lib/python3.12/site-packages/rover_bringup/__init__.py
/home/tural/ROS2/install/rover_bringup/lib/python3.12/site-packages/rover_bringup/__pycache__/__init__.cpython-312.pyc
/home/tural/ROS2/install/rover_bringup/share/ament_index/resource_index/packages/rover_bringup
/home/tural/ROS2/install/rover_bringup/share/rover_bringup/package.xml
/home/tural/ROS2/install/rover_bringup/share/rover_bringup/launch/nav2.launch.py
/home/tural/ROS2/install/rover_bringup/share/rover_bringup/launch/rviz.launch.py
/home/tural/ROS2/install/rover_bringup/share/rover_bringup/launch/slam.launch.py
/home/tural/ROS2/install/rover_bringup/share/rover_bringup/launch/bringup.launch.py
/home/tural/ROS2/install/rover_bringup/share/rover_bringup/launch/sim.launch.py
/home/tural/ROS2/install/rover_bringup/share/rover_bringup/urdf/rover.urdf.xacro
/home/tural/ROS2/install/rover_bringup/share/rover_bringup/config/nav2_params.yaml
/home/tural/ROS2/install/rover_bringup/share/rover_bringup/config/ekf.yaml
/home/tural/ROS2/install/rover_bringup/share/rover_bringup/config/slam_params.yaml
/home/tural/ROS2/install/rover_bringup/share/rover_bringup/rviz/mapping.rviz
/home/tural/ROS2/install/rover_bringup/share/rover_bringup/rviz/nav.rviz
/home/tural/ROS2/install/rover_bringup/share/rover_bringup/maps/restaurant_map_v2.yaml
/home/tural/ROS2/install/rover_bringup/share/rover_bringup/maps/restaurant_map.yaml
/home/tural/ROS2/install/rover_bringup/share/rover_bringup/maps/restaurant_map.pgm
/home/tural/ROS2/install/rover_bringup/share/rover_bringup/maps/restaurant_map_v2.pgm
/home/tural/ROS2/install/rover_bringup/lib/python3.12/site-packages/rover_bringup-0.0.0-py3.12.egg-info/PKG-INFO
/home/tural/ROS2/install/rover_bringup/lib/python3.12/site-packages/rover_bringup-0.0.0-py3.12.egg-info/SOURCES.txt
/home/tural/ROS2/install/rover_bringup/lib/python3.12/site-packages/rover_bringup-0.0.0-py3.12.egg-info/requires.txt
/home/tural/ROS2/install/rover_bringup/lib/python3.12/site-packages/rover_bringup-0.0.0-py3.12.egg-info/top_level.txt
/home/tural/ROS2/install/rover_bringup/lib/python3.12/site-packages/rover_bringup-0.0.0-py3.12.egg-info/dependency_links.txt
/home/tural/ROS2/install/rover_bringup/lib/python3.12/site-packages/rover_bringup-0.0.0-py3.12.egg-info/zip-safe
