[1.478s] Invoking command in '/home/tural/ROS2/src/rover_bringup': AMENT_PREFIX_PATH=/home/tural/ROS2/install/motor_bridge:/home/tural/ROS2/install/ldlidar_stl_ros2:${AMENT_PREFIX_PATH} CMAKE_PREFIX_PATH=/home/tural/ROS2/install/ldlidar_stl_ros2:${CMAKE_PREFIX_PATH} DEBUGINFOD_URLS=https://debuginfod.ubuntu.com PYTHONPATH=/home/tural/ROS2/build/rover_bringup/prefix_override:/usr/lib/python3/dist-packages/colcon_core/task/python/colcon_distutils_commands:/home/tural/ROS2/install/rover_bringup/lib/python3.12/site-packages:/home/tural/ROS2/install/motor_bridge/lib/python3.12/site-packages:${PYTHONPATH} /usr/bin/python3 -W ignore:setup.py install is deprecated -W ignore:easy_install command is deprecated setup.py egg_info --egg-base ../../build/rover_bringup build --build-base /home/tural/ROS2/build/rover_bringup/build install --record /home/tural/ROS2/build/rover_bringup/install.log --install-scripts $base/lib/rover_bringup --single-version-externally-managed install_data
[1.917s] running egg_info
[1.951s] writing ../../build/rover_bringup/rover_bringup.egg-info/PKG-INFO
[1.952s] writing dependency_links to ../../build/rover_bringup/rover_bringup.egg-info/dependency_links.txt
[1.952s] writing requirements to ../../build/rover_bringup/rover_bringup.egg-info/requires.txt
[1.952s] writing top-level names to ../../build/rover_bringup/rover_bringup.egg-info/top_level.txt
[2.024s] reading manifest file '../../build/rover_bringup/rover_bringup.egg-info/SOURCES.txt'
[2.026s] writing manifest file '../../build/rover_bringup/rover_bringup.egg-info/SOURCES.txt'
[2.026s] running build
[2.026s] running build_py
[2.026s] copying rover_bringup/__init__.py -> /home/tural/ROS2/build/rover_bringup/build/lib/rover_bringup
[2.026s] running install
[2.033s] running install_lib
[2.069s] running install_data
[2.069s] copying resource/rover_bringup -> /home/tural/ROS2/install/rover_bringup/share/ament_index/resource_index/packages
[2.069s] copying package.xml -> /home/tural/ROS2/install/rover_bringup/share/rover_bringup
[2.069s] copying launch/nav2.launch.py -> /home/tural/ROS2/install/rover_bringup/share/rover_bringup/launch
[2.070s] copying launch/rviz.launch.py -> /home/tural/ROS2/install/rover_bringup/share/rover_bringup/launch
[2.070s] copying launch/slam.launch.py -> /home/tural/ROS2/install/rover_bringup/share/rover_bringup/launch
[2.070s] copying launch/bringup.launch.py -> /home/tural/ROS2/install/rover_bringup/share/rover_bringup/launch
[2.070s] copying urdf/rover.urdf.xacro -> /home/tural/ROS2/install/rover_bringup/share/rover_bringup/urdf
[2.071s] copying config/nav2_params.yaml -> /home/tural/ROS2/install/rover_bringup/share/rover_bringup/config
[2.071s] copying config/slam_params.yaml -> /home/tural/ROS2/install/rover_bringup/share/rover_bringup/config
[2.071s] copying rviz/mapping.rviz -> /home/tural/ROS2/install/rover_bringup/share/rover_bringup/rviz
[2.071s] copying rviz/nav.rviz -> /home/tural/ROS2/install/rover_bringup/share/rover_bringup/rviz
[2.071s] copying maps/restaurant_map.yaml -> /home/tural/ROS2/install/rover_bringup/share/rover_bringup/maps
[2.071s] copying maps/restaurant_map.pgm -> /home/tural/ROS2/install/rover_bringup/share/rover_bringup/maps
[2.071s] running install_egg_info
[2.106s] removing '/home/tural/ROS2/install/rover_bringup/lib/python3.12/site-packages/rover_bringup-0.0.0-py3.12.egg-info' (and everything under it)
[2.106s] Copying ../../build/rover_bringup/rover_bringup.egg-info to /home/tural/ROS2/install/rover_bringup/lib/python3.12/site-packages/rover_bringup-0.0.0-py3.12.egg-info
[2.107s] running install_scripts
[2.180s] writing list of installed files to '/home/tural/ROS2/build/rover_bringup/install.log'
[2.209s] Invoked command in '/home/tural/ROS2/src/rover_bringup' returned '0': AMENT_PREFIX_PATH=/home/tural/ROS2/install/motor_bridge:/home/tural/ROS2/install/ldlidar_stl_ros2:${AMENT_PREFIX_PATH} CMAKE_PREFIX_PATH=/home/tural/ROS2/install/ldlidar_stl_ros2:${CMAKE_PREFIX_PATH} DEBUGINFOD_URLS=https://debuginfod.ubuntu.com PYTHONPATH=/home/tural/ROS2/build/rover_bringup/prefix_override:/usr/lib/python3/dist-packages/colcon_core/task/python/colcon_distutils_commands:/home/tural/ROS2/install/rover_bringup/lib/python3.12/site-packages:/home/tural/ROS2/install/motor_bridge/lib/python3.12/site-packages:${PYTHONPATH} /usr/bin/python3 -W ignore:setup.py install is deprecated -W ignore:easy_install command is deprecated setup.py egg_info --egg-base ../../build/rover_bringup build --build-base /home/tural/ROS2/build/rover_bringup/build install --record /home/tural/ROS2/build/rover_bringup/install.log --install-scripts $base/lib/rover_bringup --single-version-externally-managed install_data
