[0.010s] Invoking command in '/home/tural/ROS2/build/ldlidar_stl_ros2': DEBUGINFOD_URLS=https://debuginfod.ubuntu.com /usr/bin/cmake /home/tural/ROS2/src/ldlidar_stl_ros2 -DCMAKE_INSTALL_PREFIX=/home/tural/ROS2/install/ldlidar_stl_ros2
[0.024s] -- Found ament_cmake: 2.5.6 (/opt/ros/jazzy/share/ament_cmake/cmake)
[3.091s] Traceback (most recent call last):
[3.091s]   File "/opt/ros/jazzy/share/ament_cmake_core/cmake/package_templates/templates_2_cmake.py", line 21, in <module>
[3.091s]     from ament_package.templates import get_environment_hook_template_path
[3.091s] ModuleNotFoundError: No module named 'ament_package'
[3.122s] [31mCMake Error at /opt/ros/jazzy/share/ament_cmake_core/cmake/ament_cmake_package_templates-extras.cmake:41 (message):
[3.122s]   execute_process(/usr/bin/python3
[3.122s]   /opt/ros/jazzy/share/ament_cmake_core/cmake/package_templates/templates_2_cmake.py
[3.122s]   /home/tural/ROS2/build/ldlidar_stl_ros2/ament_cmake_package_templates/templates.cmake)
[3.122s]   returned error code 1
[3.122s] Call Stack (most recent call first):
[3.122s]   /opt/ros/jazzy/share/ament_cmake_core/cmake/ament_cmake_coreConfig.cmake:41 (include)
[3.122s]   /opt/ros/jazzy/share/ament_cmake/cmake/ament_cmake_export_dependencies-extras.cmake:15 (find_package)
[3.122s]   /opt/ros/jazzy/share/ament_cmake/cmake/ament_cmakeConfig.cmake:41 (include)
[3.122s]   CMakeLists.txt:19 (find_package)
[3.122s] 
[3.122s] [0m
[3.123s] -- Configuring incomplete, errors occurred!
[3.126s] Invoked command in '/home/tural/ROS2/build/ldlidar_stl_ros2' returned '1': DEBUGINFOD_URLS=https://debuginfod.ubuntu.com /usr/bin/cmake /home/tural/ROS2/src/ldlidar_stl_ros2 -DCMAKE_INSTALL_PREFIX=/home/tural/ROS2/install/ldlidar_stl_ros2
