[0.109s] DEBUG:colcon:Command line arguments: ['/usr/bin/colcon', 'build']
[0.109s] DEBUG:colcon:Parsed command line arguments: Namespace(log_base=None, log_level=None, verb_name='build', build_base='build', install_base='install', merge_install=False, symlink_install=False, test_result_base=None, continue_on_error=False, executor='parallel', parallel_workers=16, event_handlers=None, ignore_user_meta=False, metas=['./colcon.meta'], base_paths=['.'], packages_ignore=None, packages_ignore_regex=None, paths=None, packages_up_to=None, packages_up_to_regex=None, packages_above=None, packages_above_and_dependencies=None, packages_above_depth=None, packages_select_by_dep=None, packages_skip_by_dep=None, packages_skip_up_to=None, packages_select_build_failed=False, packages_skip_build_finished=False, packages_select_test_failures=False, packages_skip_test_passed=False, packages_select=None, packages_skip=None, packages_select_regex=None, packages_skip_regex=None, packages_start=None, packages_end=None, allow_overriding=[], cmake_args=None, cmake_target=None, cmake_target_skip_unavailable=False, cmake_clean_cache=False, cmake_clean_first=False, cmake_force_configure=False, ament_cmake_args=None, catkin_cmake_args=None, catkin_skip_building_tests=False, mixin_files=None, mixin=None, verb_parser=<colcon_mixin.mixin.mixin_argument.MixinArgumentDecorator object at 0x716e6c909790>, verb_extension=<colcon_core.verb.build.BuildVerb object at 0x716e6ca87500>, main=<bound method BuildVerb.main of <colcon_core.verb.build.BuildVerb object at 0x716e6ca87500>>, mixin_verb=('build',))
[0.145s] Level 1:colcon.colcon_core.package_discovery:discover_packages(colcon_meta) check parameters
[0.145s] Level 1:colcon.colcon_core.package_discovery:discover_packages(recursive) check parameters
[0.145s] Level 1:colcon.colcon_core.package_discovery:discover_packages(ignore) check parameters
[0.145s] Level 1:colcon.colcon_core.package_discovery:discover_packages(path) check parameters
[0.145s] Level 1:colcon.colcon_core.package_discovery:discover_packages(colcon_meta) discover
[0.145s] Level 1:colcon.colcon_core.package_discovery:discover_packages(recursive) discover
[0.145s] INFO:colcon.colcon_core.package_discovery:Crawling recursively for packages in '/home/tural/ROS2'
[0.145s] Level 1:colcon.colcon_core.package_identification:_identify(.) by extensions ['ignore', 'ignore_ament_install']
[0.145s] Level 1:colcon.colcon_core.package_identification:_identify(.) by extension 'ignore'
[0.146s] Level 1:colcon.colcon_core.package_identification:_identify(.) by extension 'ignore_ament_install'
[0.146s] Level 1:colcon.colcon_core.package_identification:_identify(.) by extensions ['colcon_pkg']
[0.146s] Level 1:colcon.colcon_core.package_identification:_identify(.) by extension 'colcon_pkg'
[0.146s] Level 1:colcon.colcon_core.package_identification:_identify(.) by extensions ['colcon_meta']
[0.146s] Level 1:colcon.colcon_core.package_identification:_identify(.) by extension 'colcon_meta'
[0.146s] Level 1:colcon.colcon_core.package_identification:_identify(.) by extensions ['ros']
[0.146s] Level 1:colcon.colcon_core.package_identification:_identify(.) by extension 'ros'
[0.169s] Level 1:colcon.colcon_core.package_identification:_identify(.) by extensions ['cmake', 'python']
[0.170s] Level 1:colcon.colcon_core.package_identification:_identify(.) by extension 'cmake'
[0.170s] Level 1:colcon.colcon_core.package_identification:_identify(.) by extension 'python'
[0.170s] Level 1:colcon.colcon_core.package_identification:_identify(.) by extensions ['python_setup_py']
[0.170s] Level 1:colcon.colcon_core.package_identification:_identify(.) by extension 'python_setup_py'
[0.170s] Level 1:colcon.colcon_core.package_identification:_identify(build) by extensions ['ignore', 'ignore_ament_install']
[0.170s] Level 1:colcon.colcon_core.package_identification:_identify(build) by extension 'ignore'
[0.170s] Level 1:colcon.colcon_core.package_identification:_identify(build) ignored
[0.170s] Level 1:colcon.colcon_core.package_identification:_identify(install) by extensions ['ignore', 'ignore_ament_install']
[0.170s] Level 1:colcon.colcon_core.package_identification:_identify(install) by extension 'ignore'
[0.170s] Level 1:colcon.colcon_core.package_identification:_identify(install) ignored
[0.170s] Level 1:colcon.colcon_core.package_identification:_identify(log) by extensions ['ignore', 'ignore_ament_install']
[0.170s] Level 1:colcon.colcon_core.package_identification:_identify(log) by extension 'ignore'
[0.170s] Level 1:colcon.colcon_core.package_identification:_identify(log) ignored
[0.170s] Level 1:colcon.colcon_core.package_identification:_identify(maps) by extensions ['ignore', 'ignore_ament_install']
[0.171s] Level 1:colcon.colcon_core.package_identification:_identify(maps) by extension 'ignore'
[0.171s] Level 1:colcon.colcon_core.package_identification:_identify(maps) by extension 'ignore_ament_install'
[0.171s] Level 1:colcon.colcon_core.package_identification:_identify(maps) by extensions ['colcon_pkg']
[0.171s] Level 1:colcon.colcon_core.package_identification:_identify(maps) by extension 'colcon_pkg'
[0.171s] Level 1:colcon.colcon_core.package_identification:_identify(maps) by extensions ['colcon_meta']
[0.171s] Level 1:colcon.colcon_core.package_identification:_identify(maps) by extension 'colcon_meta'
[0.171s] Level 1:colcon.colcon_core.package_identification:_identify(maps) by extensions ['ros']
[0.171s] Level 1:colcon.colcon_core.package_identification:_identify(maps) by extension 'ros'
[0.171s] Level 1:colcon.colcon_core.package_identification:_identify(maps) by extensions ['cmake', 'python']
[0.171s] Level 1:colcon.colcon_core.package_identification:_identify(maps) by extension 'cmake'
[0.171s] Level 1:colcon.colcon_core.package_identification:_identify(maps) by extension 'python'
[0.171s] Level 1:colcon.colcon_core.package_identification:_identify(maps) by extensions ['python_setup_py']
[0.171s] Level 1:colcon.colcon_core.package_identification:_identify(maps) by extension 'python_setup_py'
[0.171s] Level 1:colcon.colcon_core.package_identification:_identify(src) by extensions ['ignore', 'ignore_ament_install']
[0.171s] Level 1:colcon.colcon_core.package_identification:_identify(src) by extension 'ignore'
[0.171s] Level 1:colcon.colcon_core.package_identification:_identify(src) by extension 'ignore_ament_install'
[0.171s] Level 1:colcon.colcon_core.package_identification:_identify(src) by extensions ['colcon_pkg']
[0.171s] Level 1:colcon.colcon_core.package_identification:_identify(src) by extension 'colcon_pkg'
[0.171s] Level 1:colcon.colcon_core.package_identification:_identify(src) by extensions ['colcon_meta']
[0.171s] Level 1:colcon.colcon_core.package_identification:_identify(src) by extension 'colcon_meta'
[0.171s] Level 1:colcon.colcon_core.package_identification:_identify(src) by extensions ['ros']
[0.171s] Level 1:colcon.colcon_core.package_identification:_identify(src) by extension 'ros'
[0.171s] Level 1:colcon.colcon_core.package_identification:_identify(src) by extensions ['cmake', 'python']
[0.171s] Level 1:colcon.colcon_core.package_identification:_identify(src) by extension 'cmake'
[0.171s] Level 1:colcon.colcon_core.package_identification:_identify(src) by extension 'python'
[0.171s] Level 1:colcon.colcon_core.package_identification:_identify(src) by extensions ['python_setup_py']
[0.171s] Level 1:colcon.colcon_core.package_identification:_identify(src) by extension 'python_setup_py'
[0.171s] Level 1:colcon.colcon_core.package_identification:_identify(src/ldlidar_stl_ros2) by extensions ['ignore', 'ignore_ament_install']
[0.172s] Level 1:colcon.colcon_core.package_identification:_identify(src/ldlidar_stl_ros2) by extension 'ignore'
[0.172s] Level 1:colcon.colcon_core.package_identification:_identify(src/ldlidar_stl_ros2) by extension 'ignore_ament_install'
[0.172s] Level 1:colcon.colcon_core.package_identification:_identify(src/ldlidar_stl_ros2) by extensions ['colcon_pkg']
[0.172s] Level 1:colcon.colcon_core.package_identification:_identify(src/ldlidar_stl_ros2) by extension 'colcon_pkg'
[0.172s] Level 1:colcon.colcon_core.package_identification:_identify(src/ldlidar_stl_ros2) by extensions ['colcon_meta']
[0.172s] Level 1:colcon.colcon_core.package_identification:_identify(src/ldlidar_stl_ros2) by extension 'colcon_meta'
[0.172s] Level 1:colcon.colcon_core.package_identification:_identify(src/ldlidar_stl_ros2) by extensions ['ros']
[0.172s] Level 1:colcon.colcon_core.package_identification:_identify(src/ldlidar_stl_ros2) by extension 'ros'
[0.174s] DEBUG:colcon.colcon_core.package_identification:Package 'src/ldlidar_stl_ros2' with type 'ros.ament_cmake' and name 'ldlidar_stl_ros2'
[0.174s] Level 1:colcon.colcon_core.package_identification:_identify(src/motor_bridge) by extensions ['ignore', 'ignore_ament_install']
[0.174s] Level 1:colcon.colcon_core.package_identification:_identify(src/motor_bridge) by extension 'ignore'
[0.174s] Level 1:colcon.colcon_core.package_identification:_identify(src/motor_bridge) by extension 'ignore_ament_install'
[0.174s] Level 1:colcon.colcon_core.package_identification:_identify(src/motor_bridge) by extensions ['colcon_pkg']
[0.174s] Level 1:colcon.colcon_core.package_identification:_identify(src/motor_bridge) by extension 'colcon_pkg'
[0.174s] Level 1:colcon.colcon_core.package_identification:_identify(src/motor_bridge) by extensions ['colcon_meta']
[0.174s] Level 1:colcon.colcon_core.package_identification:_identify(src/motor_bridge) by extension 'colcon_meta'
[0.174s] Level 1:colcon.colcon_core.package_identification:_identify(src/motor_bridge) by extensions ['ros']
[0.174s] Level 1:colcon.colcon_core.package_identification:_identify(src/motor_bridge) by extension 'ros'
[0.175s] DEBUG:colcon.colcon_core.package_identification:Package 'src/motor_bridge' with type 'ros.ament_python' and name 'motor_bridge'
[0.175s] Level 1:colcon.colcon_core.package_identification:_identify(src/rover_bringup) by extensions ['ignore', 'ignore_ament_install']
[0.175s] Level 1:colcon.colcon_core.package_identification:_identify(src/rover_bringup) by extension 'ignore'
[0.175s] Level 1:colcon.colcon_core.package_identification:_identify(src/rover_bringup) by extension 'ignore_ament_install'
[0.175s] Level 1:colcon.colcon_core.package_identification:_identify(src/rover_bringup) by extensions ['colcon_pkg']
[0.175s] Level 1:colcon.colcon_core.package_identification:_identify(src/rover_bringup) by extension 'colcon_pkg'
[0.175s] Level 1:colcon.colcon_core.package_identification:_identify(src/rover_bringup) by extensions ['colcon_meta']
[0.175s] Level 1:colcon.colcon_core.package_identification:_identify(src/rover_bringup) by extension 'colcon_meta'
[0.175s] Level 1:colcon.colcon_core.package_identification:_identify(src/rover_bringup) by extensions ['ros']
[0.176s] Level 1:colcon.colcon_core.package_identification:_identify(src/rover_bringup) by extension 'ros'
[0.176s] DEBUG:colcon.colcon_core.package_identification:Package 'src/rover_bringup' with type 'ros.ament_python' and name 'rover_bringup'
[0.176s] Level 1:colcon.colcon_core.package_discovery:discover_packages(recursive) using defaults
[0.176s] Level 1:colcon.colcon_core.package_discovery:discover_packages(ignore) discover
[0.176s] Level 1:colcon.colcon_core.package_discovery:discover_packages(ignore) using defaults
[0.176s] Level 1:colcon.colcon_core.package_discovery:discover_packages(path) discover
[0.176s] Level 1:colcon.colcon_core.package_discovery:discover_packages(path) using defaults
[0.194s] Level 1:colcon.colcon_core.package_discovery:discover_packages(prefix_path) check parameters
[0.194s] Level 1:colcon.colcon_core.package_discovery:discover_packages(prefix_path) discover
[0.195s] DEBUG:colcon.colcon_installed_package_information.package_discovery:Found 3 installed packages in /home/tural/ROS2/install
[0.197s] DEBUG:colcon.colcon_installed_package_information.package_discovery:Found 598 installed packages in /opt/ros/jazzy
[0.199s] Level 1:colcon.colcon_core.package_discovery:discover_packages(prefix_path) using defaults
[0.268s] Level 5:colcon.colcon_core.verb:set package 'ldlidar_stl_ros2' build argument 'cmake_args' from command line to 'None'
[0.268s] Level 5:colcon.colcon_core.verb:set package 'ldlidar_stl_ros2' build argument 'cmake_target' from command line to 'None'
[0.268s] Level 5:colcon.colcon_core.verb:set package 'ldlidar_stl_ros2' build argument 'cmake_target_skip_unavailable' from command line to 'False'
[0.268s] Level 5:colcon.colcon_core.verb:set package 'ldlidar_stl_ros2' build argument 'cmake_clean_cache' from command line to 'False'
[0.268s] Level 5:colcon.colcon_core.verb:set package 'ldlidar_stl_ros2' build argument 'cmake_clean_first' from command line to 'False'
[0.268s] Level 5:colcon.colcon_core.verb:set package 'ldlidar_stl_ros2' build argument 'cmake_force_configure' from command line to 'False'
[0.268s] Level 5:colcon.colcon_core.verb:set package 'ldlidar_stl_ros2' build argument 'ament_cmake_args' from command line to 'None'
[0.268s] Level 5:colcon.colcon_core.verb:set package 'ldlidar_stl_ros2' build argument 'catkin_cmake_args' from command line to 'None'
[0.268s] Level 5:colcon.colcon_core.verb:set package 'ldlidar_stl_ros2' build argument 'catkin_skip_building_tests' from command line to 'False'
[0.268s] DEBUG:colcon.colcon_core.verb:Building package 'ldlidar_stl_ros2' with the following arguments: {'ament_cmake_args': None, 'build_base': '/home/tural/ROS2/build/ldlidar_stl_ros2', 'catkin_cmake_args': None, 'catkin_skip_building_tests': False, 'cmake_args': None, 'cmake_clean_cache': False, 'cmake_clean_first': False, 'cmake_force_configure': False, 'cmake_target': None, 'cmake_target_skip_unavailable': False, 'install_base': '/home/tural/ROS2/install/ldlidar_stl_ros2', 'merge_install': False, 'path': '/home/tural/ROS2/src/ldlidar_stl_ros2', 'symlink_install': False, 'test_result_base': None}
[0.269s] Level 5:colcon.colcon_core.verb:set package 'motor_bridge' build argument 'cmake_args' from command line to 'None'
[0.269s] Level 5:colcon.colcon_core.verb:set package 'motor_bridge' build argument 'cmake_target' from command line to 'None'
[0.269s] Level 5:colcon.colcon_core.verb:set package 'motor_bridge' build argument 'cmake_target_skip_unavailable' from command line to 'False'
[0.269s] Level 5:colcon.colcon_core.verb:set package 'motor_bridge' build argument 'cmake_clean_cache' from command line to 'False'
[0.269s] Level 5:colcon.colcon_core.verb:set package 'motor_bridge' build argument 'cmake_clean_first' from command line to 'False'
[0.269s] Level 5:colcon.colcon_core.verb:set package 'motor_bridge' build argument 'cmake_force_configure' from command line to 'False'
[0.269s] Level 5:colcon.colcon_core.verb:set package 'motor_bridge' build argument 'ament_cmake_args' from command line to 'None'
[0.269s] Level 5:colcon.colcon_core.verb:set package 'motor_bridge' build argument 'catkin_cmake_args' from command line to 'None'
[0.269s] Level 5:colcon.colcon_core.verb:set package 'motor_bridge' build argument 'catkin_skip_building_tests' from command line to 'False'
[0.269s] DEBUG:colcon.colcon_core.verb:Building package 'motor_bridge' with the following arguments: {'ament_cmake_args': None, 'build_base': '/home/tural/ROS2/build/motor_bridge', 'catkin_cmake_args': None, 'catkin_skip_building_tests': False, 'cmake_args': None, 'cmake_clean_cache': False, 'cmake_clean_first': False, 'cmake_force_configure': False, 'cmake_target': None, 'cmake_target_skip_unavailable': False, 'install_base': '/home/tural/ROS2/install/motor_bridge', 'merge_install': False, 'path': '/home/tural/ROS2/src/motor_bridge', 'symlink_install': False, 'test_result_base': None}
[0.269s] Level 5:colcon.colcon_core.verb:set package 'rover_bringup' build argument 'cmake_args' from command line to 'None'
[0.269s] Level 5:colcon.colcon_core.verb:set package 'rover_bringup' build argument 'cmake_target' from command line to 'None'
[0.269s] Level 5:colcon.colcon_core.verb:set package 'rover_bringup' build argument 'cmake_target_skip_unavailable' from command line to 'False'
[0.269s] Level 5:colcon.colcon_core.verb:set package 'rover_bringup' build argument 'cmake_clean_cache' from command line to 'False'
[0.269s] Level 5:colcon.colcon_core.verb:set package 'rover_bringup' build argument 'cmake_clean_first' from command line to 'False'
[0.269s] Level 5:colcon.colcon_core.verb:set package 'rover_bringup' build argument 'cmake_force_configure' from command line to 'False'
[0.269s] Level 5:colcon.colcon_core.verb:set package 'rover_bringup' build argument 'ament_cmake_args' from command line to 'None'
[0.269s] Level 5:colcon.colcon_core.verb:set package 'rover_bringup' build argument 'catkin_cmake_args' from command line to 'None'
[0.269s] Level 5:colcon.colcon_core.verb:set package 'rover_bringup' build argument 'catkin_skip_building_tests' from command line to 'False'
[0.269s] DEBUG:colcon.colcon_core.verb:Building package 'rover_bringup' with the following arguments: {'ament_cmake_args': None, 'build_base': '/home/tural/ROS2/build/rover_bringup', 'catkin_cmake_args': None, 'catkin_skip_building_tests': False, 'cmake_args': None, 'cmake_clean_cache': False, 'cmake_clean_first': False, 'cmake_force_configure': False, 'cmake_target': None, 'cmake_target_skip_unavailable': False, 'install_base': '/home/tural/ROS2/install/rover_bringup', 'merge_install': False, 'path': '/home/tural/ROS2/src/rover_bringup', 'symlink_install': False, 'test_result_base': None}
[0.269s] INFO:colcon.colcon_core.executor:Executing jobs using 'parallel' executor
[0.270s] DEBUG:colcon.colcon_parallel_executor.executor.parallel:run_until_complete
[0.271s] INFO:colcon.colcon_ros.task.ament_cmake.build:Building ROS package in '/home/tural/ROS2/src/ldlidar_stl_ros2' with build type 'ament_cmake'
[0.271s] INFO:colcon.colcon_cmake.task.cmake.build:Building CMake package in '/home/tural/ROS2/src/ldlidar_stl_ros2'
[0.272s] INFO:colcon.colcon_core.plugin_system:Skipping extension 'colcon_core.shell.bat': Not used on non-Windows systems
[0.272s] INFO:colcon.colcon_core.shell:Skip shell extension 'powershell' for command environment: Not usable outside of PowerShell
[0.272s] DEBUG:colcon.colcon_core.shell:Skip shell extension 'dsv' for command environment
[0.277s] INFO:colcon.colcon_ros.task.ament_python.build:Building ROS package in '/home/tural/ROS2/src/motor_bridge' with build type 'ament_python'
[0.277s] Level 1:colcon.colcon_core.shell:create_environment_hook('motor_bridge', 'ament_prefix_path')
[0.278s] INFO:colcon.colcon_core.shell:Creating environment hook '/home/tural/ROS2/install/motor_bridge/share/motor_bridge/hook/ament_prefix_path.ps1'
[0.278s] INFO:colcon.colcon_core.shell:Creating environment descriptor '/home/tural/ROS2/install/motor_bridge/share/motor_bridge/hook/ament_prefix_path.dsv'
[0.279s] INFO:colcon.colcon_core.shell:Creating environment hook '/home/tural/ROS2/install/motor_bridge/share/motor_bridge/hook/ament_prefix_path.sh'
[0.279s] INFO:colcon.colcon_core.shell:Skip shell extension 'powershell' for command environment: Not usable outside of PowerShell
[0.279s] DEBUG:colcon.colcon_core.shell:Skip shell extension 'dsv' for command environment
[0.287s] DEBUG:colcon.colcon_core.event_handler.log_command:Invoking command in '/home/tural/ROS2/build/ldlidar_stl_ros2': CMAKE_PREFIX_PATH=${CMAKE_PREFIX_PATH}:/home/tural/ROS2/install/rover_bringup:/home/tural/ROS2/install/motor_bridge:/opt/ros/jazzy DEBUGINFOD_URLS=https://debuginfod.ubuntu.com /usr/bin/cmake /home/tural/ROS2/src/ldlidar_stl_ros2 -DCMAKE_INSTALL_PREFIX=/home/tural/ROS2/install/ldlidar_stl_ros2
[0.854s] INFO:colcon.colcon_core.task.python.build:Building Python package in '/home/tural/ROS2/src/motor_bridge'
[0.855s] INFO:colcon.colcon_core.shell:Skip shell extension 'powershell' for command environment: Not usable outside of PowerShell
[0.855s] DEBUG:colcon.colcon_core.shell:Skip shell extension 'dsv' for command environment
[1.836s] DEBUG:colcon.colcon_core.event_handler.log_command:Invoked command in '/home/tural/ROS2/build/ldlidar_stl_ros2' returned '0': CMAKE_PREFIX_PATH=${CMAKE_PREFIX_PATH}:/home/tural/ROS2/install/rover_bringup:/home/tural/ROS2/install/motor_bridge:/opt/ros/jazzy DEBUGINFOD_URLS=https://debuginfod.ubuntu.com /usr/bin/cmake /home/tural/ROS2/src/ldlidar_stl_ros2 -DCMAKE_INSTALL_PREFIX=/home/tural/ROS2/install/ldlidar_stl_ros2
[1.839s] DEBUG:colcon.colcon_core.event_handler.log_command:Invoking command in '/home/tural/ROS2/build/ldlidar_stl_ros2': CMAKE_PREFIX_PATH=${CMAKE_PREFIX_PATH}:/home/tural/ROS2/install/rover_bringup:/home/tural/ROS2/install/motor_bridge:/opt/ros/jazzy DEBUGINFOD_URLS=https://debuginfod.ubuntu.com /usr/bin/cmake --build /home/tural/ROS2/build/ldlidar_stl_ros2 -- -j16 -l16
[2.019s] DEBUG:colcon.colcon_core.event_handler.log_command:Invoked command in '/home/tural/ROS2/build/ldlidar_stl_ros2' returned '0': CMAKE_PREFIX_PATH=${CMAKE_PREFIX_PATH}:/home/tural/ROS2/install/rover_bringup:/home/tural/ROS2/install/motor_bridge:/opt/ros/jazzy DEBUGINFOD_URLS=https://debuginfod.ubuntu.com /usr/bin/cmake --build /home/tural/ROS2/build/ldlidar_stl_ros2 -- -j16 -l16
[2.042s] DEBUG:colcon.colcon_core.event_handler.log_command:Invoking command in '/home/tural/ROS2/build/ldlidar_stl_ros2': CMAKE_PREFIX_PATH=${CMAKE_PREFIX_PATH}:/home/tural/ROS2/install/rover_bringup:/home/tural/ROS2/install/motor_bridge:/opt/ros/jazzy DEBUGINFOD_URLS=https://debuginfod.ubuntu.com /usr/bin/cmake --install /home/tural/ROS2/build/ldlidar_stl_ros2
[2.043s] DEBUG:colcon.colcon_core.task.python.build:Available setuptools commands: install_headers, rotate, build_ext, bdist_egg, install, bdist_rpm, build_py, develop, setopt, extract_messages, editable_wheel, install_lib, egg_info, install_scripts, compile_catalog, dist_info, bdist, init_catalog, bdist_dumb, bdist_wheel, build_scripts, easy_install, update_catalog, symlink_data, install_data, saveopts, sdist, clean, build_clib, check, alias, build, install_egg_info
[2.048s] DEBUG:colcon.colcon_core.event_handler.log_command:Invoking command in '/home/tural/ROS2/src/motor_bridge': DEBUGINFOD_URLS=https://debuginfod.ubuntu.com PYTHONPATH=/home/tural/ROS2/build/motor_bridge/prefix_override:/usr/lib/python3/dist-packages/colcon_core/task/python/colcon_distutils_commands:/home/tural/ROS2/install/motor_bridge/lib/python3.12/site-packages:${PYTHONPATH} /usr/bin/python3 -W ignore:setup.py install is deprecated -W ignore:easy_install command is deprecated setup.py egg_info --egg-base ../../build/motor_bridge build --build-base /home/tural/ROS2/build/motor_bridge/build install --record /home/tural/ROS2/build/motor_bridge/install.log --install-scripts $base/lib/motor_bridge --single-version-externally-managed install_data
[2.093s] Level 1:colcon.colcon_core.environment:create_environment_scripts_only(ldlidar_stl_ros2)
[2.095s] DEBUG:colcon.colcon_core.event_handler.log_command:Invoked command in '/home/tural/ROS2/build/ldlidar_stl_ros2' returned '0': CMAKE_PREFIX_PATH=${CMAKE_PREFIX_PATH}:/home/tural/ROS2/install/rover_bringup:/home/tural/ROS2/install/motor_bridge:/opt/ros/jazzy DEBUGINFOD_URLS=https://debuginfod.ubuntu.com /usr/bin/cmake --install /home/tural/ROS2/build/ldlidar_stl_ros2
[2.099s] Level 1:colcon.colcon_core.environment:checking '/home/tural/ROS2/install/ldlidar_stl_ros2' for CMake module files
[2.100s] Level 1:colcon.colcon_core.environment:checking '/home/tural/ROS2/install/ldlidar_stl_ros2' for CMake config files
[2.100s] Level 1:colcon.colcon_core.shell:create_environment_hook('ldlidar_stl_ros2', 'cmake_prefix_path')
[2.100s] INFO:colcon.colcon_core.shell:Creating environment hook '/home/tural/ROS2/install/ldlidar_stl_ros2/share/ldlidar_stl_ros2/hook/cmake_prefix_path.ps1'
[2.101s] INFO:colcon.colcon_core.shell:Creating environment descriptor '/home/tural/ROS2/install/ldlidar_stl_ros2/share/ldlidar_stl_ros2/hook/cmake_prefix_path.dsv'
[2.102s] INFO:colcon.colcon_core.shell:Creating environment hook '/home/tural/ROS2/install/ldlidar_stl_ros2/share/ldlidar_stl_ros2/hook/cmake_prefix_path.sh'
[2.103s] Level 1:colcon.colcon_core.environment:checking '/home/tural/ROS2/install/ldlidar_stl_ros2/lib'
[2.104s] Level 1:colcon.colcon_core.environment:checking '/home/tural/ROS2/install/ldlidar_stl_ros2/bin'
[2.104s] Level 1:colcon.colcon_core.environment:checking '/home/tural/ROS2/install/ldlidar_stl_ros2/lib/pkgconfig/ldlidar_stl_ros2.pc'
[2.104s] Level 1:colcon.colcon_core.environment:checking '/home/tural/ROS2/install/ldlidar_stl_ros2/lib/python3.12/site-packages'
[2.105s] Level 1:colcon.colcon_core.environment:checking '/home/tural/ROS2/install/ldlidar_stl_ros2/bin'
[2.105s] INFO:colcon.colcon_core.shell:Creating package script '/home/tural/ROS2/install/ldlidar_stl_ros2/share/ldlidar_stl_ros2/package.ps1'
[2.107s] INFO:colcon.colcon_core.shell:Creating package descriptor '/home/tural/ROS2/install/ldlidar_stl_ros2/share/ldlidar_stl_ros2/package.dsv'
[2.108s] INFO:colcon.colcon_core.shell:Creating package script '/home/tural/ROS2/install/ldlidar_stl_ros2/share/ldlidar_stl_ros2/package.sh'
[2.109s] INFO:colcon.colcon_core.shell:Creating package script '/home/tural/ROS2/install/ldlidar_stl_ros2/share/ldlidar_stl_ros2/package.bash'
[2.110s] INFO:colcon.colcon_core.shell:Creating package script '/home/tural/ROS2/install/ldlidar_stl_ros2/share/ldlidar_stl_ros2/package.zsh'
[2.111s] Level 1:colcon.colcon_core.environment:create_file_with_runtime_dependencies(/home/tural/ROS2/install/ldlidar_stl_ros2/share/colcon-core/packages/ldlidar_stl_ros2)
[2.112s] Level 1:colcon.colcon_core.environment:create_environment_scripts_only(ldlidar_stl_ros2)
[2.113s] Level 1:colcon.colcon_core.environment:checking '/home/tural/ROS2/install/ldlidar_stl_ros2' for CMake module files
[2.113s] Level 1:colcon.colcon_core.environment:checking '/home/tural/ROS2/install/ldlidar_stl_ros2' for CMake config files
[2.114s] Level 1:colcon.colcon_core.shell:create_environment_hook('ldlidar_stl_ros2', 'cmake_prefix_path')
[2.114s] INFO:colcon.colcon_core.shell:Creating environment hook '/home/tural/ROS2/install/ldlidar_stl_ros2/share/ldlidar_stl_ros2/hook/cmake_prefix_path.ps1'
[2.115s] INFO:colcon.colcon_core.shell:Creating environment descriptor '/home/tural/ROS2/install/ldlidar_stl_ros2/share/ldlidar_stl_ros2/hook/cmake_prefix_path.dsv'
[2.115s] INFO:colcon.colcon_core.shell:Creating environment hook '/home/tural/ROS2/install/ldlidar_stl_ros2/share/ldlidar_stl_ros2/hook/cmake_prefix_path.sh'
[2.116s] Level 1:colcon.colcon_core.environment:checking '/home/tural/ROS2/install/ldlidar_stl_ros2/lib'
[2.117s] Level 1:colcon.colcon_core.environment:checking '/home/tural/ROS2/install/ldlidar_stl_ros2/bin'
[2.117s] Level 1:colcon.colcon_core.environment:checking '/home/tural/ROS2/install/ldlidar_stl_ros2/lib/pkgconfig/ldlidar_stl_ros2.pc'
[2.117s] Level 1:colcon.colcon_core.environment:checking '/home/tural/ROS2/install/ldlidar_stl_ros2/lib/python3.12/site-packages'
[2.118s] Level 1:colcon.colcon_core.environment:checking '/home/tural/ROS2/install/ldlidar_stl_ros2/bin'
[2.118s] INFO:colcon.colcon_core.shell:Creating package script '/home/tural/ROS2/install/ldlidar_stl_ros2/share/ldlidar_stl_ros2/package.ps1'
[2.119s] INFO:colcon.colcon_core.shell:Creating package descriptor '/home/tural/ROS2/install/ldlidar_stl_ros2/share/ldlidar_stl_ros2/package.dsv'
[2.120s] INFO:colcon.colcon_core.shell:Creating package script '/home/tural/ROS2/install/ldlidar_stl_ros2/share/ldlidar_stl_ros2/package.sh'
[2.121s] INFO:colcon.colcon_core.shell:Creating package script '/home/tural/ROS2/install/ldlidar_stl_ros2/share/ldlidar_stl_ros2/package.bash'
[2.121s] INFO:colcon.colcon_core.shell:Creating package script '/home/tural/ROS2/install/ldlidar_stl_ros2/share/ldlidar_stl_ros2/package.zsh'
[2.122s] Level 1:colcon.colcon_core.environment:create_file_with_runtime_dependencies(/home/tural/ROS2/install/ldlidar_stl_ros2/share/colcon-core/packages/ldlidar_stl_ros2)
[2.718s] Level 1:colcon.colcon_core.environment:checking '/home/tural/ROS2/install/motor_bridge' for CMake module files
[2.719s] DEBUG:colcon.colcon_core.event_handler.log_command:Invoked command in '/home/tural/ROS2/src/motor_bridge' returned '0': DEBUGINFOD_URLS=https://debuginfod.ubuntu.com PYTHONPATH=/home/tural/ROS2/build/motor_bridge/prefix_override:/usr/lib/python3/dist-packages/colcon_core/task/python/colcon_distutils_commands:/home/tural/ROS2/install/motor_bridge/lib/python3.12/site-packages:${PYTHONPATH} /usr/bin/python3 -W ignore:setup.py install is deprecated -W ignore:easy_install command is deprecated setup.py egg_info --egg-base ../../build/motor_bridge build --build-base /home/tural/ROS2/build/motor_bridge/build install --record /home/tural/ROS2/build/motor_bridge/install.log --install-scripts $base/lib/motor_bridge --single-version-externally-managed install_data
[2.719s] Level 1:colcon.colcon_core.environment:checking '/home/tural/ROS2/install/motor_bridge' for CMake config files
[2.720s] Level 1:colcon.colcon_core.environment:checking '/home/tural/ROS2/install/motor_bridge/lib'
[2.720s] Level 1:colcon.colcon_core.environment:checking '/home/tural/ROS2/install/motor_bridge/bin'
[2.720s] Level 1:colcon.colcon_core.environment:checking '/home/tural/ROS2/install/motor_bridge/lib/pkgconfig/motor_bridge.pc'
[2.720s] Level 1:colcon.colcon_core.environment:checking '/home/tural/ROS2/install/motor_bridge/lib/python3.12/site-packages'
[2.720s] Level 1:colcon.colcon_core.shell:create_environment_hook('motor_bridge', 'pythonpath')
[2.720s] INFO:colcon.colcon_core.shell:Creating environment hook '/home/tural/ROS2/install/motor_bridge/share/motor_bridge/hook/pythonpath.ps1'
[2.721s] INFO:colcon.colcon_core.shell:Creating environment descriptor '/home/tural/ROS2/install/motor_bridge/share/motor_bridge/hook/pythonpath.dsv'
[2.721s] INFO:colcon.colcon_core.shell:Creating environment hook '/home/tural/ROS2/install/motor_bridge/share/motor_bridge/hook/pythonpath.sh'
[2.722s] Level 1:colcon.colcon_core.environment:checking '/home/tural/ROS2/install/motor_bridge/bin'
[2.722s] Level 1:colcon.colcon_core.environment:create_environment_scripts_only(motor_bridge)
[2.722s] INFO:colcon.colcon_core.shell:Creating package script '/home/tural/ROS2/install/motor_bridge/share/motor_bridge/package.ps1'
[2.722s] INFO:colcon.colcon_core.shell:Creating package descriptor '/home/tural/ROS2/install/motor_bridge/share/motor_bridge/package.dsv'
[2.723s] INFO:colcon.colcon_core.shell:Creating package script '/home/tural/ROS2/install/motor_bridge/share/motor_bridge/package.sh'
[2.723s] INFO:colcon.colcon_core.shell:Creating package script '/home/tural/ROS2/install/motor_bridge/share/motor_bridge/package.bash'
[2.723s] INFO:colcon.colcon_core.shell:Creating package script '/home/tural/ROS2/install/motor_bridge/share/motor_bridge/package.zsh'
[2.723s] Level 1:colcon.colcon_core.environment:create_file_with_runtime_dependencies(/home/tural/ROS2/install/motor_bridge/share/colcon-core/packages/motor_bridge)
[2.724s] INFO:colcon.colcon_ros.task.ament_python.build:Building ROS package in '/home/tural/ROS2/src/rover_bringup' with build type 'ament_python'
[2.724s] Level 1:colcon.colcon_core.shell:create_environment_hook('rover_bringup', 'ament_prefix_path')
[2.724s] INFO:colcon.colcon_core.shell:Creating environment hook '/home/tural/ROS2/install/rover_bringup/share/rover_bringup/hook/ament_prefix_path.ps1'
[2.725s] INFO:colcon.colcon_core.shell:Creating environment descriptor '/home/tural/ROS2/install/rover_bringup/share/rover_bringup/hook/ament_prefix_path.dsv'
[2.725s] INFO:colcon.colcon_core.shell:Creating environment hook '/home/tural/ROS2/install/rover_bringup/share/rover_bringup/hook/ament_prefix_path.sh'
[2.725s] INFO:colcon.colcon_core.shell:Skip shell extension 'powershell' for command environment: Not usable outside of PowerShell
[2.725s] DEBUG:colcon.colcon_core.shell:Skip shell extension 'dsv' for command environment
[3.023s] INFO:colcon.colcon_core.task.python.build:Building Python package in '/home/tural/ROS2/src/rover_bringup'
[3.024s] INFO:colcon.colcon_core.shell:Skip shell extension 'powershell' for command environment: Not usable outside of PowerShell
[3.024s] DEBUG:colcon.colcon_core.shell:Skip shell extension 'dsv' for command environment
[3.562s] DEBUG:colcon.colcon_core.task.python.build:Available setuptools commands: install_headers, rotate, build_ext, bdist_egg, install, bdist_rpm, build_py, develop, setopt, extract_messages, editable_wheel, install_lib, egg_info, install_scripts, compile_catalog, dist_info, bdist, init_catalog, bdist_dumb, bdist_wheel, build_scripts, easy_install, update_catalog, symlink_data, install_data, saveopts, sdist, clean, build_clib, check, alias, build, install_egg_info
[3.564s] DEBUG:colcon.colcon_core.event_handler.log_command:Invoking command in '/home/tural/ROS2/src/rover_bringup': AMENT_PREFIX_PATH=/home/tural/ROS2/install/motor_bridge:/home/tural/ROS2/install/rover_bringup:/home/tural/ROS2/install/ldlidar_stl_ros2:/opt/ros/jazzy DEBUGINFOD_URLS=https://debuginfod.ubuntu.com PYTHONPATH=/home/tural/ROS2/build/rover_bringup/prefix_override:/usr/lib/python3/dist-packages/colcon_core/task/python/colcon_distutils_commands:/home/tural/ROS2/install/rover_bringup/lib/python3.12/site-packages:/home/tural/ROS2/install/motor_bridge/lib/python3.12/site-packages:/home/tural/ROS2/install/rover_bringup/lib/python3.12/site-packages:/opt/ros/jazzy/opt/gz_sim_vendor/lib/python:/opt/ros/jazzy/opt/sdformat_vendor/lib/python:/opt/ros/jazzy/opt/gz_transport_vendor/lib/python:/opt/ros/jazzy/opt/gz_msgs_vendor/lib/python:/opt/ros/jazzy/opt/gz_math_vendor/lib/python:/opt/ros/jazzy/lib/python3.12/site-packages /usr/bin/python3 -W ignore:setup.py install is deprecated -W ignore:easy_install command is deprecated setup.py egg_info --egg-base ../../build/rover_bringup build --build-base /home/tural/ROS2/build/rover_bringup/build install --record /home/tural/ROS2/build/rover_bringup/install.log --install-scripts $base/lib/rover_bringup --single-version-externally-managed install_data
[4.131s] Level 1:colcon.colcon_core.environment:checking '/home/tural/ROS2/install/rover_bringup' for CMake module files
[4.131s] DEBUG:colcon.colcon_core.event_handler.log_command:Invoked command in '/home/tural/ROS2/src/rover_bringup' returned '0': AMENT_PREFIX_PATH=/home/tural/ROS2/install/motor_bridge:/home/tural/ROS2/install/rover_bringup:/home/tural/ROS2/install/ldlidar_stl_ros2:/opt/ros/jazzy DEBUGINFOD_URLS=https://debuginfod.ubuntu.com PYTHONPATH=/home/tural/ROS2/build/rover_bringup/prefix_override:/usr/lib/python3/dist-packages/colcon_core/task/python/colcon_distutils_commands:/home/tural/ROS2/install/rover_bringup/lib/python3.12/site-packages:/home/tural/ROS2/install/motor_bridge/lib/python3.12/site-packages:/home/tural/ROS2/install/rover_bringup/lib/python3.12/site-packages:/opt/ros/jazzy/opt/gz_sim_vendor/lib/python:/opt/ros/jazzy/opt/sdformat_vendor/lib/python:/opt/ros/jazzy/opt/gz_transport_vendor/lib/python:/opt/ros/jazzy/opt/gz_msgs_vendor/lib/python:/opt/ros/jazzy/opt/gz_math_vendor/lib/python:/opt/ros/jazzy/lib/python3.12/site-packages /usr/bin/python3 -W ignore:setup.py install is deprecated -W ignore:easy_install command is deprecated setup.py egg_info --egg-base ../../build/rover_bringup build --build-base /home/tural/ROS2/build/rover_bringup/build install --record /home/tural/ROS2/build/rover_bringup/install.log --install-scripts $base/lib/rover_bringup --single-version-externally-managed install_data
[4.131s] Level 1:colcon.colcon_core.environment:checking '/home/tural/ROS2/install/rover_bringup' for CMake config files
[4.132s] Level 1:colcon.colcon_core.environment:checking '/home/tural/ROS2/install/rover_bringup/lib'
[4.132s] Level 1:colcon.colcon_core.environment:checking '/home/tural/ROS2/install/rover_bringup/bin'
[4.132s] Level 1:colcon.colcon_core.environment:checking '/home/tural/ROS2/install/rover_bringup/lib/pkgconfig/rover_bringup.pc'
[4.132s] Level 1:colcon.colcon_core.environment:checking '/home/tural/ROS2/install/rover_bringup/lib/python3.12/site-packages'
[4.132s] Level 1:colcon.colcon_core.shell:create_environment_hook('rover_bringup', 'pythonpath')
[4.133s] INFO:colcon.colcon_core.shell:Creating environment hook '/home/tural/ROS2/install/rover_bringup/share/rover_bringup/hook/pythonpath.ps1'
[4.133s] INFO:colcon.colcon_core.shell:Creating environment descriptor '/home/tural/ROS2/install/rover_bringup/share/rover_bringup/hook/pythonpath.dsv'
[4.133s] INFO:colcon.colcon_core.shell:Creating environment hook '/home/tural/ROS2/install/rover_bringup/share/rover_bringup/hook/pythonpath.sh'
[4.134s] Level 1:colcon.colcon_core.environment:checking '/home/tural/ROS2/install/rover_bringup/bin'
[4.134s] Level 1:colcon.colcon_core.environment:create_environment_scripts_only(rover_bringup)
[4.134s] INFO:colcon.colcon_core.shell:Creating package script '/home/tural/ROS2/install/rover_bringup/share/rover_bringup/package.ps1'
[4.135s] INFO:colcon.colcon_core.shell:Creating package descriptor '/home/tural/ROS2/install/rover_bringup/share/rover_bringup/package.dsv'
[4.135s] INFO:colcon.colcon_core.shell:Creating package script '/home/tural/ROS2/install/rover_bringup/share/rover_bringup/package.sh'
[4.135s] INFO:colcon.colcon_core.shell:Creating package script '/home/tural/ROS2/install/rover_bringup/share/rover_bringup/package.bash'
[4.135s] INFO:colcon.colcon_core.shell:Creating package script '/home/tural/ROS2/install/rover_bringup/share/rover_bringup/package.zsh'
[4.136s] Level 1:colcon.colcon_core.environment:create_file_with_runtime_dependencies(/home/tural/ROS2/install/rover_bringup/share/colcon-core/packages/rover_bringup)
[4.136s] DEBUG:colcon.colcon_parallel_executor.executor.parallel:closing loop
[4.136s] DEBUG:colcon.colcon_parallel_executor.executor.parallel:loop closed
[4.136s] DEBUG:colcon.colcon_parallel_executor.executor.parallel:run_until_complete finished with '0'
[4.136s] DEBUG:colcon.colcon_core.event_reactor:joining thread
[4.141s] INFO:colcon.colcon_core.plugin_system:Skipping extension 'colcon_notification.desktop_notification.terminal_notifier': Not used on non-Darwin systems
[4.142s] INFO:colcon.colcon_core.plugin_system:Skipping extension 'colcon_notification.desktop_notification.win32': Not used on non-Windows systems
[4.142s] INFO:colcon.colcon_notification.desktop_notification:Sending desktop notification using 'notify2'
[4.157s] DEBUG:colcon.colcon_core.event_reactor:joined thread
[4.157s] INFO:colcon.colcon_core.shell:Creating prefix script '/home/tural/ROS2/install/local_setup.ps1'
[4.158s] INFO:colcon.colcon_core.shell:Creating prefix util module '/home/tural/ROS2/install/_local_setup_util_ps1.py'
[4.159s] INFO:colcon.colcon_core.shell:Creating prefix chain script '/home/tural/ROS2/install/setup.ps1'
[4.160s] INFO:colcon.colcon_core.shell:Creating prefix script '/home/tural/ROS2/install/local_setup.sh'
[4.160s] INFO:colcon.colcon_core.shell:Creating prefix util module '/home/tural/ROS2/install/_local_setup_util_sh.py'
[4.161s] INFO:colcon.colcon_core.shell:Creating prefix chain script '/home/tural/ROS2/install/setup.sh'
[4.162s] INFO:colcon.colcon_core.shell:Creating prefix script '/home/tural/ROS2/install/local_setup.bash'
[4.162s] INFO:colcon.colcon_core.shell:Creating prefix chain script '/home/tural/ROS2/install/setup.bash'
[4.163s] INFO:colcon.colcon_core.shell:Creating prefix script '/home/tural/ROS2/install/local_setup.zsh'
[4.163s] INFO:colcon.colcon_core.shell:Creating prefix chain script '/home/tural/ROS2/install/setup.zsh'
