[0.157s] DEBUG:colcon:Command line arguments: ['/usr/bin/colcon', 'build', '--symlink-install', '--packages-select', 'rover_bringup']
[0.157s] DEBUG:colcon:Parsed command line arguments: Namespace(log_base=None, log_level=None, verb_name='build', build_base='build', install_base='install', merge_install=False, symlink_install=True, test_result_base=None, continue_on_error=False, executor='parallel', parallel_workers=16, event_handlers=None, ignore_user_meta=False, metas=['./colcon.meta'], base_paths=['.'], packages_ignore=None, packages_ignore_regex=None, paths=None, packages_up_to=None, packages_up_to_regex=None, packages_above=None, packages_above_and_dependencies=None, packages_above_depth=None, packages_select_by_dep=None, packages_skip_by_dep=None, packages_skip_up_to=None, packages_select_build_failed=False, packages_skip_build_finished=False, packages_select_test_failures=False, packages_skip_test_passed=False, packages_select=['rover_bringup'], packages_skip=None, packages_select_regex=None, packages_skip_regex=None, packages_start=None, packages_end=None, allow_overriding=[], cmake_args=None, cmake_target=None, cmake_target_skip_unavailable=False, cmake_clean_cache=False, cmake_clean_first=False, cmake_force_configure=False, ament_cmake_args=None, catkin_cmake_args=None, catkin_skip_building_tests=False, mixin_files=None, mixin=None, verb_parser=<colcon_mixin.mixin.mixin_argument.MixinArgumentDecorator object at 0x78847a71d850>, verb_extension=<colcon_core.verb.build.BuildVerb object at 0x78847a8a35c0>, main=<bound method BuildVerb.main of <colcon_core.verb.build.BuildVerb object at 0x78847a8a35c0>>, mixin_verb=('build',))
[0.211s] Level 1:colcon.colcon_core.package_discovery:discover_packages(colcon_meta) check parameters
[0.211s] Level 1:colcon.colcon_core.package_discovery:discover_packages(recursive) check parameters
[0.211s] Level 1:colcon.colcon_core.package_discovery:discover_packages(ignore) check parameters
[0.211s] Level 1:colcon.colcon_core.package_discovery:discover_packages(path) check parameters
[0.211s] Level 1:colcon.colcon_core.package_discovery:discover_packages(colcon_meta) discover
[0.211s] Level 1:colcon.colcon_core.package_discovery:discover_packages(recursive) discover
[0.211s] INFO:colcon.colcon_core.package_discovery:Crawling recursively for packages in '/home/tural/ROS2'
[0.211s] Level 1:colcon.colcon_core.package_identification:_identify(.) by extensions ['ignore', 'ignore_ament_install']
[0.211s] Level 1:colcon.colcon_core.package_identification:_identify(.) by extension 'ignore'
[0.211s] Level 1:colcon.colcon_core.package_identification:_identify(.) by extension 'ignore_ament_install'
[0.211s] Level 1:colcon.colcon_core.package_identification:_identify(.) by extensions ['colcon_pkg']
[0.212s] Level 1:colcon.colcon_core.package_identification:_identify(.) by extension 'colcon_pkg'
[0.212s] Level 1:colcon.colcon_core.package_identification:_identify(.) by extensions ['colcon_meta']
[0.212s] Level 1:colcon.colcon_core.package_identification:_identify(.) by extension 'colcon_meta'
[0.212s] Level 1:colcon.colcon_core.package_identification:_identify(.) by extensions ['ros']
[0.212s] Level 1:colcon.colcon_core.package_identification:_identify(.) by extension 'ros'
[0.248s] Level 1:colcon.colcon_core.package_identification:_identify(.) by extensions ['cmake', 'python']
[0.249s] Level 1:colcon.colcon_core.package_identification:_identify(.) by extension 'cmake'
[0.249s] Level 1:colcon.colcon_core.package_identification:_identify(.) by extension 'python'
[0.249s] Level 1:colcon.colcon_core.package_identification:_identify(.) by extensions ['python_setup_py']
[0.249s] Level 1:colcon.colcon_core.package_identification:_identify(.) by extension 'python_setup_py'
[0.249s] Level 1:colcon.colcon_core.package_identification:_identify(build) by extensions ['ignore', 'ignore_ament_install']
[0.249s] Level 1:colcon.colcon_core.package_identification:_identify(build) by extension 'ignore'
[0.249s] Level 1:colcon.colcon_core.package_identification:_identify(build) ignored
[0.250s] Level 1:colcon.colcon_core.package_identification:_identify(install) by extensions ['ignore', 'ignore_ament_install']
[0.250s] Level 1:colcon.colcon_core.package_identification:_identify(install) by extension 'ignore'
[0.250s] Level 1:colcon.colcon_core.package_identification:_identify(install) ignored
[0.250s] Level 1:colcon.colcon_core.package_identification:_identify(log) by extensions ['ignore', 'ignore_ament_install']
[0.250s] Level 1:colcon.colcon_core.package_identification:_identify(log) by extension 'ignore'
[0.250s] Level 1:colcon.colcon_core.package_identification:_identify(log) ignored
[0.250s] Level 1:colcon.colcon_core.package_identification:_identify(maps) by extensions ['ignore', 'ignore_ament_install']
[0.250s] Level 1:colcon.colcon_core.package_identification:_identify(maps) by extension 'ignore'
[0.251s] Level 1:colcon.colcon_core.package_identification:_identify(maps) by extension 'ignore_ament_install'
[0.251s] Level 1:colcon.colcon_core.package_identification:_identify(maps) by extensions ['colcon_pkg']
[0.251s] Level 1:colcon.colcon_core.package_identification:_identify(maps) by extension 'colcon_pkg'
[0.251s] Level 1:colcon.colcon_core.package_identification:_identify(maps) by extensions ['colcon_meta']
[0.251s] Level 1:colcon.colcon_core.package_identification:_identify(maps) by extension 'colcon_meta'
[0.251s] Level 1:colcon.colcon_core.package_identification:_identify(maps) by extensions ['ros']
[0.251s] Level 1:colcon.colcon_core.package_identification:_identify(maps) by extension 'ros'
[0.251s] Level 1:colcon.colcon_core.package_identification:_identify(maps) by extensions ['cmake', 'python']
[0.251s] Level 1:colcon.colcon_core.package_identification:_identify(maps) by extension 'cmake'
[0.251s] Level 1:colcon.colcon_core.package_identification:_identify(maps) by extension 'python'
[0.251s] Level 1:colcon.colcon_core.package_identification:_identify(maps) by extensions ['python_setup_py']
[0.251s] Level 1:colcon.colcon_core.package_identification:_identify(maps) by extension 'python_setup_py'
[0.252s] Level 1:colcon.colcon_core.package_identification:_identify(src) by extensions ['ignore', 'ignore_ament_install']
[0.252s] Level 1:colcon.colcon_core.package_identification:_identify(src) by extension 'ignore'
[0.252s] Level 1:colcon.colcon_core.package_identification:_identify(src) by extension 'ignore_ament_install'
[0.252s] Level 1:colcon.colcon_core.package_identification:_identify(src) by extensions ['colcon_pkg']
[0.252s] Level 1:colcon.colcon_core.package_identification:_identify(src) by extension 'colcon_pkg'
[0.252s] Level 1:colcon.colcon_core.package_identification:_identify(src) by extensions ['colcon_meta']
[0.252s] Level 1:colcon.colcon_core.package_identification:_identify(src) by extension 'colcon_meta'
[0.252s] Level 1:colcon.colcon_core.package_identification:_identify(src) by extensions ['ros']
[0.252s] Level 1:colcon.colcon_core.package_identification:_identify(src) by extension 'ros'
[0.252s] Level 1:colcon.colcon_core.package_identification:_identify(src) by extensions ['cmake', 'python']
[0.252s] Level 1:colcon.colcon_core.package_identification:_identify(src) by extension 'cmake'
[0.252s] Level 1:colcon.colcon_core.package_identification:_identify(src) by extension 'python'
[0.252s] Level 1:colcon.colcon_core.package_identification:_identify(src) by extensions ['python_setup_py']
[0.252s] Level 1:colcon.colcon_core.package_identification:_identify(src) by extension 'python_setup_py'
[0.253s] Level 1:colcon.colcon_core.package_identification:_identify(src/ldlidar_stl_ros2) by extensions ['ignore', 'ignore_ament_install']
[0.253s] Level 1:colcon.colcon_core.package_identification:_identify(src/ldlidar_stl_ros2) by extension 'ignore'
[0.253s] Level 1:colcon.colcon_core.package_identification:_identify(src/ldlidar_stl_ros2) by extension 'ignore_ament_install'
[0.253s] Level 1:colcon.colcon_core.package_identification:_identify(src/ldlidar_stl_ros2) by extensions ['colcon_pkg']
[0.253s] Level 1:colcon.colcon_core.package_identification:_identify(src/ldlidar_stl_ros2) by extension 'colcon_pkg'
[0.253s] Level 1:colcon.colcon_core.package_identification:_identify(src/ldlidar_stl_ros2) by extensions ['colcon_meta']
[0.253s] Level 1:colcon.colcon_core.package_identification:_identify(src/ldlidar_stl_ros2) by extension 'colcon_meta'
[0.253s] Level 1:colcon.colcon_core.package_identification:_identify(src/ldlidar_stl_ros2) by extensions ['ros']
[0.253s] Level 1:colcon.colcon_core.package_identification:_identify(src/ldlidar_stl_ros2) by extension 'ros'
[0.259s] DEBUG:colcon.colcon_core.package_identification:Package 'src/ldlidar_stl_ros2' with type 'ros.ament_cmake' and name 'ldlidar_stl_ros2'
[0.259s] Level 1:colcon.colcon_core.package_identification:_identify(src/motor_bridge) by extensions ['ignore', 'ignore_ament_install']
[0.260s] Level 1:colcon.colcon_core.package_identification:_identify(src/motor_bridge) by extension 'ignore'
[0.260s] Level 1:colcon.colcon_core.package_identification:_identify(src/motor_bridge) by extension 'ignore_ament_install'
[0.260s] Level 1:colcon.colcon_core.package_identification:_identify(src/motor_bridge) by extensions ['colcon_pkg']
[0.260s] Level 1:colcon.colcon_core.package_identification:_identify(src/motor_bridge) by extension 'colcon_pkg'
[0.260s] Level 1:colcon.colcon_core.package_identification:_identify(src/motor_bridge) by extensions ['colcon_meta']
[0.260s] Level 1:colcon.colcon_core.package_identification:_identify(src/motor_bridge) by extension 'colcon_meta'
[0.260s] Level 1:colcon.colcon_core.package_identification:_identify(src/motor_bridge) by extensions ['ros']
[0.260s] Level 1:colcon.colcon_core.package_identification:_identify(src/motor_bridge) by extension 'ros'
[0.262s] DEBUG:colcon.colcon_core.package_identification:Package 'src/motor_bridge' with type 'ros.ament_python' and name 'motor_bridge'
[0.262s] Level 1:colcon.colcon_core.package_identification:_identify(src/rover_bringup) by extensions ['ignore', 'ignore_ament_install']
[0.262s] Level 1:colcon.colcon_core.package_identification:_identify(src/rover_bringup) by extension 'ignore'
[0.263s] Level 1:colcon.colcon_core.package_identification:_identify(src/rover_bringup) by extension 'ignore_ament_install'
[0.263s] Level 1:colcon.colcon_core.package_identification:_identify(src/rover_bringup) by extensions ['colcon_pkg']
[0.263s] Level 1:colcon.colcon_core.package_identification:_identify(src/rover_bringup) by extension 'colcon_pkg'
[0.263s] Level 1:colcon.colcon_core.package_identification:_identify(src/rover_bringup) by extensions ['colcon_meta']
[0.263s] Level 1:colcon.colcon_core.package_identification:_identify(src/rover_bringup) by extension 'colcon_meta'
[0.263s] Level 1:colcon.colcon_core.package_identification:_identify(src/rover_bringup) by extensions ['ros']
[0.263s] Level 1:colcon.colcon_core.package_identification:_identify(src/rover_bringup) by extension 'ros'
[0.265s] DEBUG:colcon.colcon_core.package_identification:Package 'src/rover_bringup' with type 'ros.ament_python' and name 'rover_bringup'
[0.265s] Level 1:colcon.colcon_core.package_discovery:discover_packages(recursive) using defaults
[0.265s] Level 1:colcon.colcon_core.package_discovery:discover_packages(ignore) discover
[0.265s] Level 1:colcon.colcon_core.package_discovery:discover_packages(ignore) using defaults
[0.265s] Level 1:colcon.colcon_core.package_discovery:discover_packages(path) discover
[0.266s] Level 1:colcon.colcon_core.package_discovery:discover_packages(path) using defaults
[0.301s] INFO:colcon.colcon_core.package_selection:Skipping not selected package 'ldlidar_stl_ros2' in 'src/ldlidar_stl_ros2'
[0.301s] INFO:colcon.colcon_core.package_selection:Skipping not selected package 'motor_bridge' in 'src/motor_bridge'
[0.301s] Level 1:colcon.colcon_core.package_discovery:discover_packages(prefix_path) check parameters
[0.301s] Level 1:colcon.colcon_core.package_discovery:discover_packages(prefix_path) discover
[0.305s] DEBUG:colcon.colcon_installed_package_information.package_discovery:Found 597 installed packages in /opt/ros/jazzy
[0.307s] Level 1:colcon.colcon_core.package_discovery:discover_packages(prefix_path) using defaults
[0.403s] Level 5:colcon.colcon_core.verb:set package 'rover_bringup' build argument 'cmake_args' from command line to 'None'
[0.403s] Level 5:colcon.colcon_core.verb:set package 'rover_bringup' build argument 'cmake_target' from command line to 'None'
[0.403s] Level 5:colcon.colcon_core.verb:set package 'rover_bringup' build argument 'cmake_target_skip_unavailable' from command line to 'False'
[0.403s] Level 5:colcon.colcon_core.verb:set package 'rover_bringup' build argument 'cmake_clean_cache' from command line to 'False'
[0.403s] Level 5:colcon.colcon_core.verb:set package 'rover_bringup' build argument 'cmake_clean_first' from command line to 'False'
[0.403s] Level 5:colcon.colcon_core.verb:set package 'rover_bringup' build argument 'cmake_force_configure' from command line to 'False'
[0.403s] Level 5:colcon.colcon_core.verb:set package 'rover_bringup' build argument 'ament_cmake_args' from command line to 'None'
[0.403s] Level 5:colcon.colcon_core.verb:set package 'rover_bringup' build argument 'catkin_cmake_args' from command line to 'None'
[0.403s] Level 5:colcon.colcon_core.verb:set package 'rover_bringup' build argument 'catkin_skip_building_tests' from command line to 'False'
[0.403s] DEBUG:colcon.colcon_core.verb:Building package 'rover_bringup' with the following arguments: {'ament_cmake_args': None, 'build_base': '/home/tural/ROS2/build/rover_bringup', 'catkin_cmake_args': None, 'catkin_skip_building_tests': False, 'cmake_args': None, 'cmake_clean_cache': False, 'cmake_clean_first': False, 'cmake_force_configure': False, 'cmake_target': None, 'cmake_target_skip_unavailable': False, 'install_base': '/home/tural/ROS2/install/rover_bringup', 'merge_install': False, 'path': '/home/tural/ROS2/src/rover_bringup', 'symlink_install': True, 'test_result_base': None}
[0.404s] INFO:colcon.colcon_core.executor:Executing jobs using 'parallel' executor
[0.405s] DEBUG:colcon.colcon_parallel_executor.executor.parallel:run_until_complete
[0.405s] INFO:colcon.colcon_ros.task.ament_python.build:Building ROS package in '/home/tural/ROS2/src/rover_bringup' with build type 'ament_python'
[0.406s] Level 1:colcon.colcon_core.shell:create_environment_hook('rover_bringup', 'ament_prefix_path')
[0.408s] INFO:colcon.colcon_core.plugin_system:Skipping extension 'colcon_core.shell.bat': Not used on non-Windows systems
[0.408s] INFO:colcon.colcon_core.shell:Creating environment hook '/home/tural/ROS2/install/rover_bringup/share/rover_bringup/hook/ament_prefix_path.ps1'
[0.409s] INFO:colcon.colcon_core.shell:Creating environment descriptor '/home/tural/ROS2/install/rover_bringup/share/rover_bringup/hook/ament_prefix_path.dsv'
[0.409s] INFO:colcon.colcon_core.shell:Creating environment hook '/home/tural/ROS2/install/rover_bringup/share/rover_bringup/hook/ament_prefix_path.sh'
[0.410s] INFO:colcon.colcon_core.shell:Skip shell extension 'powershell' for command environment: Not usable outside of PowerShell
[0.410s] DEBUG:colcon.colcon_core.shell:Skip shell extension 'dsv' for command environment
[0.806s] INFO:colcon.colcon_core.task.python.build:Building Python package in '/home/tural/ROS2/src/rover_bringup'
[0.806s] INFO:colcon.colcon_core.shell:Skip shell extension 'powershell' for command environment: Not usable outside of PowerShell
[0.806s] DEBUG:colcon.colcon_core.shell:Skip shell extension 'dsv' for command environment
[1.447s] DEBUG:colcon.colcon_core.task.python.build:Available setuptools commands: egg_info, install_scripts, develop, extract_messages, compile_catalog, bdist, install_lib, alias, install, bdist_rpm, editable_wheel, clean, install_headers, symlink_data, update_catalog, sdist, build_scripts, rotate, install_data, bdist_wheel, install_egg_info, build_clib, build_ext, bdist_dumb, bdist_egg, setopt, build_py, check, init_catalog, easy_install, saveopts, build, dist_info
[1.849s] DEBUG:colcon.colcon_core.task.python.build:Available setuptools 'develop' options: --prefix, --install-dir, --no-deps, --no-user-cfg, --index-url, --quiet, --user, --verbose, --help
[1.849s] INFO:colcon.colcon_core.task.python.build:No '--editable' capability in setuptools, falling back to full install
[1.852s] DEBUG:colcon.colcon_core.event_handler.log_command:Invoking command in '/home/tural/ROS2/src/rover_bringup': AMENT_PREFIX_PATH=/home/tural/ROS2/install/motor_bridge:/home/tural/ROS2/install/ldlidar_stl_ros2:${AMENT_PREFIX_PATH} CMAKE_PREFIX_PATH=/home/tural/ROS2/install/ldlidar_stl_ros2:${CMAKE_PREFIX_PATH} DEBUGINFOD_URLS=https://debuginfod.ubuntu.com PYTHONPATH=/home/tural/ROS2/build/rover_bringup/prefix_override:/usr/lib/python3/dist-packages/colcon_core/task/python/colcon_distutils_commands:/home/tural/ROS2/install/rover_bringup/lib/python3.12/site-packages:/home/tural/ROS2/install/motor_bridge/lib/python3.12/site-packages:${PYTHONPATH} /usr/bin/python3 -W ignore:setup.py install is deprecated -W ignore:easy_install command is deprecated setup.py egg_info --egg-base ../../build/rover_bringup build --build-base /home/tural/ROS2/build/rover_bringup/build install --record /home/tural/ROS2/build/rover_bringup/install.log --install-scripts $base/lib/rover_bringup --single-version-externally-managed install_data
[2.626s] DEBUG:colcon.colcon_core.event_handler.log_command:Invoked command in '/home/tural/ROS2/src/rover_bringup' returned '0': AMENT_PREFIX_PATH=/home/tural/ROS2/install/motor_bridge:/home/tural/ROS2/install/ldlidar_stl_ros2:${AMENT_PREFIX_PATH} CMAKE_PREFIX_PATH=/home/tural/ROS2/install/ldlidar_stl_ros2:${CMAKE_PREFIX_PATH} DEBUGINFOD_URLS=https://debuginfod.ubuntu.com PYTHONPATH=/home/tural/ROS2/build/rover_bringup/prefix_override:/usr/lib/python3/dist-packages/colcon_core/task/python/colcon_distutils_commands:/home/tural/ROS2/install/rover_bringup/lib/python3.12/site-packages:/home/tural/ROS2/install/motor_bridge/lib/python3.12/site-packages:${PYTHONPATH} /usr/bin/python3 -W ignore:setup.py install is deprecated -W ignore:easy_install command is deprecated setup.py egg_info --egg-base ../../build/rover_bringup build --build-base /home/tural/ROS2/build/rover_bringup/build install --record /home/tural/ROS2/build/rover_bringup/install.log --install-scripts $base/lib/rover_bringup --single-version-externally-managed install_data
[2.628s] Level 1:colcon.colcon_core.environment:checking '/home/tural/ROS2/install/rover_bringup' for CMake module files
[2.628s] Level 1:colcon.colcon_core.environment:checking '/home/tural/ROS2/install/rover_bringup' for CMake config files
[2.629s] Level 1:colcon.colcon_core.environment:checking '/home/tural/ROS2/install/rover_bringup/lib'
[2.629s] Level 1:colcon.colcon_core.environment:checking '/home/tural/ROS2/install/rover_bringup/bin'
[2.629s] Level 1:colcon.colcon_core.environment:checking '/home/tural/ROS2/install/rover_bringup/lib/pkgconfig/rover_bringup.pc'
[2.629s] Level 1:colcon.colcon_core.environment:checking '/home/tural/ROS2/install/rover_bringup/lib/python3.12/site-packages'
[2.629s] Level 1:colcon.colcon_core.shell:create_environment_hook('rover_bringup', 'pythonpath')
[2.629s] INFO:colcon.colcon_core.shell:Creating environment hook '/home/tural/ROS2/install/rover_bringup/share/rover_bringup/hook/pythonpath.ps1'
[2.630s] INFO:colcon.colcon_core.shell:Creating environment descriptor '/home/tural/ROS2/install/rover_bringup/share/rover_bringup/hook/pythonpath.dsv'
[2.630s] INFO:colcon.colcon_core.shell:Creating environment hook '/home/tural/ROS2/install/rover_bringup/share/rover_bringup/hook/pythonpath.sh'
[2.631s] Level 1:colcon.colcon_core.environment:checking '/home/tural/ROS2/install/rover_bringup/bin'
[2.631s] Level 1:colcon.colcon_core.environment:create_environment_scripts_only(rover_bringup)
[2.631s] INFO:colcon.colcon_core.shell:Creating package script '/home/tural/ROS2/install/rover_bringup/share/rover_bringup/package.ps1'
[2.632s] INFO:colcon.colcon_core.shell:Creating package descriptor '/home/tural/ROS2/install/rover_bringup/share/rover_bringup/package.dsv'
[2.632s] INFO:colcon.colcon_core.shell:Creating package script '/home/tural/ROS2/install/rover_bringup/share/rover_bringup/package.sh'
[2.633s] INFO:colcon.colcon_core.shell:Creating package script '/home/tural/ROS2/install/rover_bringup/share/rover_bringup/package.bash'
[2.633s] INFO:colcon.colcon_core.shell:Creating package script '/home/tural/ROS2/install/rover_bringup/share/rover_bringup/package.zsh'
[2.633s] Level 1:colcon.colcon_core.environment:create_file_with_runtime_dependencies(/home/tural/ROS2/install/rover_bringup/share/colcon-core/packages/rover_bringup)
[2.634s] DEBUG:colcon.colcon_parallel_executor.executor.parallel:closing loop
[2.634s] DEBUG:colcon.colcon_parallel_executor.executor.parallel:loop closed
[2.634s] DEBUG:colcon.colcon_parallel_executor.executor.parallel:run_until_complete finished with '0'
[2.634s] DEBUG:colcon.colcon_core.event_reactor:joining thread
[2.638s] INFO:colcon.colcon_core.plugin_system:Skipping extension 'colcon_notification.desktop_notification.terminal_notifier': Not used on non-Darwin systems
[2.638s] INFO:colcon.colcon_core.plugin_system:Skipping extension 'colcon_notification.desktop_notification.win32': Not used on non-Windows systems
[2.639s] INFO:colcon.colcon_notification.desktop_notification:Sending desktop notification using 'notify2'
[2.651s] DEBUG:colcon.colcon_core.event_reactor:joined thread
[2.651s] INFO:colcon.colcon_core.shell:Creating prefix script '/home/tural/ROS2/install/local_setup.ps1'
[2.652s] INFO:colcon.colcon_core.shell:Creating prefix util module '/home/tural/ROS2/install/_local_setup_util_ps1.py'
[2.653s] INFO:colcon.colcon_core.shell:Creating prefix chain script '/home/tural/ROS2/install/setup.ps1'
[2.654s] INFO:colcon.colcon_core.shell:Creating prefix script '/home/tural/ROS2/install/local_setup.sh'
[2.654s] INFO:colcon.colcon_core.shell:Creating prefix util module '/home/tural/ROS2/install/_local_setup_util_sh.py'
[2.654s] INFO:colcon.colcon_core.shell:Creating prefix chain script '/home/tural/ROS2/install/setup.sh'
[2.655s] INFO:colcon.colcon_core.shell:Creating prefix script '/home/tural/ROS2/install/local_setup.bash'
[2.655s] INFO:colcon.colcon_core.shell:Creating prefix chain script '/home/tural/ROS2/install/setup.bash'
[2.656s] INFO:colcon.colcon_core.shell:Creating prefix script '/home/tural/ROS2/install/local_setup.zsh'
[2.656s] INFO:colcon.colcon_core.shell:Creating prefix chain script '/home/tural/ROS2/install/setup.zsh'
