running egg_info
creating ../../build/rover_bringup/rover_bringup.egg-info
writing ../../build/rover_bringup/rover_bringup.egg-info/PKG-INFO
writing dependency_links to ../../build/rover_bringup/rover_bringup.egg-info/dependency_links.txt
writing requirements to ../../build/rover_bringup/rover_bringup.egg-info/requires.txt
writing top-level names to ../../build/rover_bringup/rover_bringup.egg-info/top_level.txt
writing manifest file '../../build/rover_bringup/rover_bringup.egg-info/SOURCES.txt'
reading manifest file '../../build/rover_bringup/rover_bringup.egg-info/SOURCES.txt'
writing manifest file '../../build/rover_bringup/rover_bringup.egg-info/SOURCES.txt'
running build
running build_py
creating /home/tural/ROS2/build/rover_bringup/build/lib/rover_bringup
copying rover_bringup/__init__.py -> /home/tural/ROS2/build/rover_bringup/build/lib/rover_bringup
running install
running install_lib
creating /home/tural/ROS2/install/rover_bringup/lib/python3.12/site-packages/rover_bringup
copying /home/tural/ROS2/build/rover_bringup/build/lib/rover_bringup/__init__.py -> /home/tural/ROS2/install/rover_bringup/lib/python3.12/site-packages/rover_bringup
byte-compiling /home/tural/ROS2/install/rover_bringup/lib/python3.12/site-packages/rover_bringup/__init__.py to __init__.cpython-312.pyc
running install_data
creating /home/tural/ROS2/install/rover_bringup/share/ament_index/resource_index/packages
copying resource/rover_bringup -> /home/tural/ROS2/install/rover_bringup/share/ament_index/resource_index/packages
copying package.xml -> /home/tural/ROS2/install/rover_bringup/share/rover_bringup
creating /home/tural/ROS2/install/rover_bringup/share/rover_bringup/launch
copying launch/bringup.launch.py -> /home/tural/ROS2/install/rover_bringup/share/rover_bringup/launch
creating /home/tural/ROS2/install/rover_bringup/share/rover_bringup/urdf
copying urdf/rover.urdf.xacro -> /home/tural/ROS2/install/rover_bringup/share/rover_bringup/urdf
creating /home/tural/ROS2/install/rover_bringup/share/rover_bringup/config
creating /home/tural/ROS2/install/rover_bringup/share/rover_bringup/rviz
running install_egg_info
Copying ../../build/rover_bringup/rover_bringup.egg-info to /home/tural/ROS2/install/rover_bringup/lib/python3.12/site-packages/rover_bringup-0.0.0-py3.12.egg-info
running install_scripts
writing list of installed files to '/home/tural/ROS2/build/rover_bringup/install.log'
