[0.785s] Invoking command in '/home/tural/ROS2/src/rover_bringup': AMENT_PREFIX_PATH=/home/tural/ROS2/install/motor_bridge:/home/tural/ROS2/install/ldlidar_stl_ros2:${AMENT_PREFIX_PATH} CMAKE_PREFIX_PATH=/home/tural/ROS2/install/ldlidar_stl_ros2:${CMAKE_PREFIX_PATH} DEBUGINFOD_URLS=https://debuginfod.ubuntu.com PYTHONPATH=/home/tural/ROS2/build/rover_bringup/prefix_override:/usr/lib/python3/dist-packages/colcon_core/task/python/colcon_distutils_commands:/home/tural/ROS2/install/rover_bringup/lib/python3.12/site-packages:/home/tural/ROS2/install/motor_bridge/lib/python3.12/site-packages:${PYTHONPATH} /usr/bin/python3 -W ignore:setup.py install is deprecated -W ignore:easy_install command is deprecated setup.py egg_info --egg-base ../../build/rover_bringup build --build-base /home/tural/ROS2/build/rover_bringup/build install --record /home/tural/ROS2/build/rover_bringup/install.log --install-scripts $base/lib/rover_bringup --single-version-externally-managed install_data
[1.030s] running egg_info
[1.049s] creating ../../build/rover_bringup/rover_bringup.egg-info
[1.049s] writing ../../build/rover_bringup/rover_bringup.egg-info/PKG-INFO
[1.049s] writing dependency_links to ../../build/rover_bringup/rover_bringup.egg-info/dependency_links.txt
[1.049s] writing requirements to ../../build/rover_bringup/rover_bringup.egg-info/requires.txt
[1.049s] writing top-level names to ../../build/rover_bringup/rover_bringup.egg-info/top_level.txt
[1.049s] writing manifest file '../../build/rover_bringup/rover_bringup.egg-info/SOURCES.txt'
[1.089s] reading manifest file '../../build/rover_bringup/rover_bringup.egg-info/SOURCES.txt'
[1.089s] writing manifest file '../../build/rover_bringup/rover_bringup.egg-info/SOURCES.txt'
[1.089s] running build
[1.089s] running build_py
[1.089s] creating /home/tural/ROS2/build/rover_bringup/build/lib/rover_bringup
[1.090s] copying rover_bringup/__init__.py -> /home/tural/ROS2/build/rover_bringup/build/lib/rover_bringup
[1.090s] running install
[1.093s] running install_lib
[1.113s] creating /home/tural/ROS2/install/rover_bringup/lib/python3.12/site-packages/rover_bringup
[1.113s] copying /home/tural/ROS2/build/rover_bringup/build/lib/rover_bringup/__init__.py -> /home/tural/ROS2/install/rover_bringup/lib/python3.12/site-packages/rover_bringup
[1.113s] byte-compiling /home/tural/ROS2/install/rover_bringup/lib/python3.12/site-packages/rover_bringup/__init__.py to __init__.cpython-312.pyc
[1.113s] running install_data
[1.113s] creating /home/tural/ROS2/install/rover_bringup/share/ament_index/resource_index/packages
[1.113s] copying resource/rover_bringup -> /home/tural/ROS2/install/rover_bringup/share/ament_index/resource_index/packages
[1.113s] copying package.xml -> /home/tural/ROS2/install/rover_bringup/share/rover_bringup
[1.114s] creating /home/tural/ROS2/install/rover_bringup/share/rover_bringup/launch
[1.114s] copying launch/bringup.launch.py -> /home/tural/ROS2/install/rover_bringup/share/rover_bringup/launch
[1.114s] creating /home/tural/ROS2/install/rover_bringup/share/rover_bringup/urdf
[1.114s] copying urdf/rover.urdf.xacro -> /home/tural/ROS2/install/rover_bringup/share/rover_bringup/urdf
[1.114s] creating /home/tural/ROS2/install/rover_bringup/share/rover_bringup/config
[1.114s] creating /home/tural/ROS2/install/rover_bringup/share/rover_bringup/rviz
[1.114s] running install_egg_info
[1.135s] Copying ../../build/rover_bringup/rover_bringup.egg-info to /home/tural/ROS2/install/rover_bringup/lib/python3.12/site-packages/rover_bringup-0.0.0-py3.12.egg-info
[1.135s] running install_scripts
[1.174s] writing list of installed files to '/home/tural/ROS2/build/rover_bringup/install.log'
[1.191s] Invoked command in '/home/tural/ROS2/src/rover_bringup' returned '0': AMENT_PREFIX_PATH=/home/tural/ROS2/install/motor_bridge:/home/tural/ROS2/install/ldlidar_stl_ros2:${AMENT_PREFIX_PATH} CMAKE_PREFIX_PATH=/home/tural/ROS2/install/ldlidar_stl_ros2:${CMAKE_PREFIX_PATH} DEBUGINFOD_URLS=https://debuginfod.ubuntu.com PYTHONPATH=/home/tural/ROS2/build/rover_bringup/prefix_override:/usr/lib/python3/dist-packages/colcon_core/task/python/colcon_distutils_commands:/home/tural/ROS2/install/rover_bringup/lib/python3.12/site-packages:/home/tural/ROS2/install/motor_bridge/lib/python3.12/site-packages:${PYTHONPATH} /usr/bin/python3 -W ignore:setup.py install is deprecated -W ignore:easy_install command is deprecated setup.py egg_info --egg-base ../../build/rover_bringup build --build-base /home/tural/ROS2/build/rover_bringup/build install --record /home/tural/ROS2/build/rover_bringup/install.log --install-scripts $base/lib/rover_bringup --single-version-externally-managed install_data
