running egg_info
writing ../../build/rover_bringup/rover_bringup.egg-info/PKG-INFO
writing dependency_links to ../../build/rover_bringup/rover_bringup.egg-info/dependency_links.txt
writing requirements to ../../build/rover_bringup/rover_bringup.egg-info/requires.txt
writing top-level names to ../../build/rover_bringup/rover_bringup.egg-info/top_level.txt
reading manifest file '../../build/rover_bringup/rover_bringup.egg-info/SOURCES.txt'
writing manifest file '../../build/rover_bringup/rover_bringup.egg-info/SOURCES.txt'
running build
running build_py
copying rover_bringup/__init__.py -> /home/tural/ROS2/build/rover_bringup/build/lib/rover_bringup
running install
running install_lib
running install_data
copying resource/rover_bringup -> /home/tural/ROS2/install/rover_bringup/share/ament_index/resource_index/packages
copying package.xml -> /home/tural/ROS2/install/rover_bringup/share/rover_bringup
copying launch/nav2.launch.py -> /home/tural/ROS2/install/rover_bringup/share/rover_bringup/launch
copying launch/rviz.launch.py -> /home/tural/ROS2/install/rover_bringup/share/rover_bringup/launch
copying launch/slam.launch.py -> /home/tural/ROS2/install/rover_bringup/share/rover_bringup/launch
copying launch/bringup.launch.py -> /home/tural/ROS2/install/rover_bringup/share/rover_bringup/launch
copying urdf/rover.urdf.xacro -> /home/tural/ROS2/install/rover_bringup/share/rover_bringup/urdf
copying config/nav2_params.yaml -> /home/tural/ROS2/install/rover_bringup/share/rover_bringup/config
copying config/slam_params.yaml -> /home/tural/ROS2/install/rover_bringup/share/rover_bringup/config
copying rviz/mapping.rviz -> /home/tural/ROS2/install/rover_bringup/share/rover_bringup/rviz
copying rviz/nav.rviz -> /home/tural/ROS2/install/rover_bringup/share/rover_bringup/rviz
copying maps/restaurant_map.yaml -> /home/tural/ROS2/install/rover_bringup/share/rover_bringup/maps
copying maps/restaurant_map.pgm -> /home/tural/ROS2/install/rover_bringup/share/rover_bringup/maps
running install_egg_info
removing '/home/tural/ROS2/install/rover_bringup/lib/python3.12/site-packages/rover_bringup-0.0.0-py3.12.egg-info' (and everything under it)
Copying ../../build/rover_bringup/rover_bringup.egg-info to /home/tural/ROS2/install/rover_bringup/lib/python3.12/site-packages/rover_bringup-0.0.0-py3.12.egg-info
running install_scripts
writing list of installed files to '/home/tural/ROS2/build/rover_bringup/install.log'
