[0.915s] Invoking command in '/home/tural/ROS2/src/rover_bringup': AMENT_PREFIX_PATH=/home/tural/ROS2/install/motor_bridge:/home/tural/ROS2/install/rover_bringup:/home/tural/ROS2/install/ldlidar_stl_ros2:/opt/ros/jazzy DEBUGINFOD_URLS=https://debuginfod.ubuntu.com PYTHONPATH=/home/tural/ROS2/build/rover_bringup/prefix_override:/usr/lib/python3/dist-packages/colcon_core/task/python/colcon_distutils_commands:/home/tural/ROS2/install/rover_bringup/lib/python3.12/site-packages:/home/tural/ROS2/install/motor_bridge/lib/python3.12/site-packages:/home/tural/ROS2/install/rover_bringup/lib/python3.12/site-packages:/opt/ros/jazzy/opt/gz_sim_vendor/lib/python:/opt/ros/jazzy/opt/sdformat_vendor/lib/python:/opt/ros/jazzy/opt/gz_transport_vendor/lib/python:/opt/ros/jazzy/opt/gz_msgs_vendor/lib/python:/opt/ros/jazzy/opt/gz_math_vendor/lib/python:/opt/ros/jazzy/lib/python3.12/site-packages /usr/bin/python3 -W ignore:setup.py install is deprecated -W ignore:easy_install command is deprecated setup.py egg_info --egg-base ../../build/rover_bringup build --build-base /home/tural/ROS2/build/rover_bringup/build install --record /home/tural/ROS2/build/rover_bringup/install.log --install-scripts $base/lib/rover_bringup --single-version-externally-managed install_data
[1.280s] running egg_info
[1.306s] writing ../../build/rover_bringup/rover_bringup.egg-info/PKG-INFO
[1.306s] writing dependency_links to ../../build/rover_bringup/rover_bringup.egg-info/dependency_links.txt
[1.307s] writing requirements to ../../build/rover_bringup/rover_bringup.egg-info/requires.txt
[1.307s] writing top-level names to ../../build/rover_bringup/rover_bringup.egg-info/top_level.txt
[1.375s] reading manifest file '../../build/rover_bringup/rover_bringup.egg-info/SOURCES.txt'
[1.376s] writing manifest file '../../build/rover_bringup/rover_bringup.egg-info/SOURCES.txt'
[1.377s] running build
[1.377s] running build_py
[1.377s] copying rover_bringup/__init__.py -> /home/tural/ROS2/build/rover_bringup/build/lib/rover_bringup
[1.377s] running install
[1.383s] running install_lib
[1.416s] running install_data
[1.416s] copying resource/rover_bringup -> /home/tural/ROS2/install/rover_bringup/share/ament_index/resource_index/packages
[1.417s] copying package.xml -> /home/tural/ROS2/install/rover_bringup/share/rover_bringup
[1.417s] copying launch/nav2.launch.py -> /home/tural/ROS2/install/rover_bringup/share/rover_bringup/launch
[1.417s] copying launch/rviz.launch.py -> /home/tural/ROS2/install/rover_bringup/share/rover_bringup/launch
[1.417s] copying launch/slam.launch.py -> /home/tural/ROS2/install/rover_bringup/share/rover_bringup/launch
[1.417s] copying launch/bringup.launch.py -> /home/tural/ROS2/install/rover_bringup/share/rover_bringup/launch
[1.417s] copying launch/sim.launch.py -> /home/tural/ROS2/install/rover_bringup/share/rover_bringup/launch
[1.417s] copying urdf/rover.urdf.xacro -> /home/tural/ROS2/install/rover_bringup/share/rover_bringup/urdf
[1.417s] copying config/nav2_params.yaml -> /home/tural/ROS2/install/rover_bringup/share/rover_bringup/config
[1.418s] copying config/ekf.yaml -> /home/tural/ROS2/install/rover_bringup/share/rover_bringup/config
[1.418s] copying config/slam_params.yaml -> /home/tural/ROS2/install/rover_bringup/share/rover_bringup/config
[1.418s] copying rviz/mapping.rviz -> /home/tural/ROS2/install/rover_bringup/share/rover_bringup/rviz
[1.418s] copying rviz/nav.rviz -> /home/tural/ROS2/install/rover_bringup/share/rover_bringup/rviz
[1.418s] copying maps/restaurant_map_v2.yaml -> /home/tural/ROS2/install/rover_bringup/share/rover_bringup/maps
[1.418s] copying maps/restaurant_map.yaml -> /home/tural/ROS2/install/rover_bringup/share/rover_bringup/maps
[1.418s] copying maps/restaurant_map.pgm -> /home/tural/ROS2/install/rover_bringup/share/rover_bringup/maps
[1.418s] copying maps/restaurant_map_v2.pgm -> /home/tural/ROS2/install/rover_bringup/share/rover_bringup/maps
[1.418s] running install_egg_info
[1.447s] removing '/home/tural/ROS2/install/rover_bringup/lib/python3.12/site-packages/rover_bringup-0.0.0-py3.12.egg-info' (and everything under it)
[1.447s] Copying ../../build/rover_bringup/rover_bringup.egg-info to /home/tural/ROS2/install/rover_bringup/lib/python3.12/site-packages/rover_bringup-0.0.0-py3.12.egg-info
[1.447s] running install_scripts
[1.503s] writing list of installed files to '/home/tural/ROS2/build/rover_bringup/install.log'
[1.524s] Invoked command in '/home/tural/ROS2/src/rover_bringup' returned '0': AMENT_PREFIX_PATH=/home/tural/ROS2/install/motor_bridge:/home/tural/ROS2/install/rover_bringup:/home/tural/ROS2/install/ldlidar_stl_ros2:/opt/ros/jazzy DEBUGINFOD_URLS=https://debuginfod.ubuntu.com PYTHONPATH=/home/tural/ROS2/build/rover_bringup/prefix_override:/usr/lib/python3/dist-packages/colcon_core/task/python/colcon_distutils_commands:/home/tural/ROS2/install/rover_bringup/lib/python3.12/site-packages:/home/tural/ROS2/install/motor_bridge/lib/python3.12/site-packages:/home/tural/ROS2/install/rover_bringup/lib/python3.12/site-packages:/opt/ros/jazzy/opt/gz_sim_vendor/lib/python:/opt/ros/jazzy/opt/sdformat_vendor/lib/python:/opt/ros/jazzy/opt/gz_transport_vendor/lib/python:/opt/ros/jazzy/opt/gz_msgs_vendor/lib/python:/opt/ros/jazzy/opt/gz_math_vendor/lib/python:/opt/ros/jazzy/lib/python3.12/site-packages /usr/bin/python3 -W ignore:setup.py install is deprecated -W ignore:easy_install command is deprecated setup.py egg_info --egg-base ../../build/rover_bringup build --build-base /home/tural/ROS2/build/rover_bringup/build install --record /home/tural/ROS2/build/rover_bringup/install.log --install-scripts $base/lib/rover_bringup --single-version-externally-managed install_data
