[1.612s] Invoking command in '/home/tural/ROS2/src/motor_bridge': DEBUGINFOD_URLS=https://debuginfod.ubuntu.com PYTHONPATH=/home/tural/ROS2/build/motor_bridge/prefix_override:/usr/lib/python3/dist-packages/colcon_core/task/python/colcon_distutils_commands:/home/tural/ROS2/install/motor_bridge/lib/python3.12/site-packages: /usr/bin/python3 -W ignore:setup.py install is deprecated -W ignore:easy_install command is deprecated setup.py egg_info --egg-base ../../build/motor_bridge build --build-base /home/tural/ROS2/build/motor_bridge/build install --record /home/tural/ROS2/build/motor_bridge/install.log --install-scripts $base/lib/motor_bridge --single-version-externally-managed install_data
[2.378s] running egg_info
[2.431s] writing ../../build/motor_bridge/motor_bridge.egg-info/PKG-INFO
[2.433s] writing dependency_links to ../../build/motor_bridge/motor_bridge.egg-info/dependency_links.txt
[2.433s] writing entry points to ../../build/motor_bridge/motor_bridge.egg-info/entry_points.txt
[2.434s] writing requirements to ../../build/motor_bridge/motor_bridge.egg-info/requires.txt
[2.434s] writing top-level names to ../../build/motor_bridge/motor_bridge.egg-info/top_level.txt
[2.548s] reading manifest file '../../build/motor_bridge/motor_bridge.egg-info/SOURCES.txt'
[2.551s] writing manifest file '../../build/motor_bridge/motor_bridge.egg-info/SOURCES.txt'
[2.551s] running build
[2.552s] running build_py
[2.552s] copying motor_bridge/__init__.py -> /home/tural/ROS2/build/motor_bridge/build/lib/motor_bridge
[2.552s] copying motor_bridge/serial_bridge_node.py -> /home/tural/ROS2/build/motor_bridge/build/lib/motor_bridge
[2.553s] running install
[2.564s] running install_lib
[2.600s] running install_data
[2.601s] copying resource/motor_bridge -> /home/tural/ROS2/install/motor_bridge/share/ament_index/resource_index/packages
[2.601s] copying package.xml -> /home/tural/ROS2/install/motor_bridge/share/motor_bridge
[2.601s] running install_egg_info
[2.640s] removing '/home/tural/ROS2/install/motor_bridge/lib/python3.12/site-packages/motor_bridge-0.0.0-py3.12.egg-info' (and everything under it)
[2.641s] Copying ../../build/motor_bridge/motor_bridge.egg-info to /home/tural/ROS2/install/motor_bridge/lib/python3.12/site-packages/motor_bridge-0.0.0-py3.12.egg-info
[2.642s] running install_scripts
[2.708s] Installing motor_bridge_node script to /home/tural/ROS2/install/motor_bridge/lib/motor_bridge
[2.709s] writing list of installed files to '/home/tural/ROS2/build/motor_bridge/install.log'
[2.763s] Invoked command in '/home/tural/ROS2/src/motor_bridge' returned '0': DEBUGINFOD_URLS=https://debuginfod.ubuntu.com PYTHONPATH=/home/tural/ROS2/build/motor_bridge/prefix_override:/usr/lib/python3/dist-packages/colcon_core/task/python/colcon_distutils_commands:/home/tural/ROS2/install/motor_bridge/lib/python3.12/site-packages: /usr/bin/python3 -W ignore:setup.py install is deprecated -W ignore:easy_install command is deprecated setup.py egg_info --egg-base ../../build/motor_bridge build --build-base /home/tural/ROS2/build/motor_bridge/build install --record /home/tural/ROS2/build/motor_bridge/install.log --install-scripts $base/lib/motor_bridge --single-version-externally-managed install_data
