[0.595s] Invoking command in '/home/tural/ROS2/src/rover_bringup': AMENT_PREFIX_PATH=/home/tural/ROS2/install/motor_bridge:/home/tural/ROS2/install/rover_bringup:/home/tural/ROS2/install/ldlidar_stl_ros2:/opt/ros/jazzy DEBUGINFOD_URLS=https://debuginfod.ubuntu.com PYTHONPATH=/home/tural/ROS2/build/rover_bringup/prefix_override:/usr/lib/python3/dist-packages/colcon_core/task/python/colcon_distutils_commands:/home/tural/ROS2/install/rover_bringup/lib/python3.12/site-packages:/home/tural/ROS2/install/motor_bridge/lib/python3.12/site-packages:/home/tural/ROS2/install/rover_bringup/lib/python3.12/site-packages:/opt/ros/jazzy/opt/gz_sim_vendor/lib/python:/opt/ros/jazzy/opt/sdformat_vendor/lib/python:/opt/ros/jazzy/opt/gz_transport_vendor/lib/python:/opt/ros/jazzy/opt/gz_msgs_vendor/lib/python:/opt/ros/jazzy/opt/gz_math_vendor/lib/python:/opt/ros/jazzy/lib/python3.12/site-packages /usr/bin/python3 -W ignore:setup.py install is deprecated -W ignore:easy_install command is deprecated setup.py egg_info --egg-base ../../build/rover_bringup build --build-base /home/tural/ROS2/build/rover_bringup/build install --record /home/tural/ROS2/build/rover_bringup/install.log --install-scripts $base/lib/rover_bringup --single-version-externally-managed install_data
[0.844s] running egg_info
[0.864s] writing ../../build/rover_bringup/rover_bringup.egg-info/PKG-INFO
[0.864s] writing dependency_links to ../../build/rover_bringup/rover_bringup.egg-info/dependency_links.txt
[0.864s] writing requirements to ../../build/rover_bringup/rover_bringup.egg-info/requires.txt
[0.864s] writing top-level names to ../../build/rover_bringup/rover_bringup.egg-info/top_level.txt
[0.905s] reading manifest file '../../build/rover_bringup/rover_bringup.egg-info/SOURCES.txt'
[0.906s] writing manifest file '../../build/rover_bringup/rover_bringup.egg-info/SOURCES.txt'
[0.906s] running build
[0.906s] running build_py
[0.906s] copying rover_bringup/__init__.py -> /home/tural/ROS2/build/rover_bringup/build/lib/rover_bringup
[0.906s] running install
[0.910s] running install_lib
[0.930s] running install_data
[0.930s] copying resource/rover_bringup -> /home/tural/ROS2/install/rover_bringup/share/ament_index/resource_index/packages
[0.930s] copying package.xml -> /home/tural/ROS2/install/rover_bringup/share/rover_bringup
[0.931s] copying launch/nav2.launch.py -> /home/tural/ROS2/install/rover_bringup/share/rover_bringup/launch
[0.931s] copying launch/rviz.launch.py -> /home/tural/ROS2/install/rover_bringup/share/rover_bringup/launch
[0.931s] copying launch/slam.launch.py -> /home/tural/ROS2/install/rover_bringup/share/rover_bringup/launch
[0.931s] copying launch/bringup.launch.py -> /home/tural/ROS2/install/rover_bringup/share/rover_bringup/launch
[0.931s] copying launch/sim.launch.py -> /home/tural/ROS2/install/rover_bringup/share/rover_bringup/launch
[0.931s] copying urdf/rover.urdf.xacro -> /home/tural/ROS2/install/rover_bringup/share/rover_bringup/urdf
[0.931s] copying config/nav2_params.yaml -> /home/tural/ROS2/install/rover_bringup/share/rover_bringup/config
[0.931s] copying config/ekf.yaml -> /home/tural/ROS2/install/rover_bringup/share/rover_bringup/config
[0.931s] copying config/slam_params.yaml -> /home/tural/ROS2/install/rover_bringup/share/rover_bringup/config
[0.932s] copying rviz/mapping.rviz -> /home/tural/ROS2/install/rover_bringup/share/rover_bringup/rviz
[0.932s] copying rviz/nav.rviz -> /home/tural/ROS2/install/rover_bringup/share/rover_bringup/rviz
[0.932s] copying maps/restaurant_map.yaml -> /home/tural/ROS2/install/rover_bringup/share/rover_bringup/maps
[0.932s] copying maps/restaurant_map.pgm -> /home/tural/ROS2/install/rover_bringup/share/rover_bringup/maps
[0.932s] running install_egg_info
[0.953s] removing '/home/tural/ROS2/install/rover_bringup/lib/python3.12/site-packages/rover_bringup-0.0.0-py3.12.egg-info' (and everything under it)
[0.953s] Copying ../../build/rover_bringup/rover_bringup.egg-info to /home/tural/ROS2/install/rover_bringup/lib/python3.12/site-packages/rover_bringup-0.0.0-py3.12.egg-info
[0.954s] running install_scripts
[0.995s] writing list of installed files to '/home/tural/ROS2/build/rover_bringup/install.log'
[1.020s] Invoked command in '/home/tural/ROS2/src/rover_bringup' returned '0': AMENT_PREFIX_PATH=/home/tural/ROS2/install/motor_bridge:/home/tural/ROS2/install/rover_bringup:/home/tural/ROS2/install/ldlidar_stl_ros2:/opt/ros/jazzy DEBUGINFOD_URLS=https://debuginfod.ubuntu.com PYTHONPATH=/home/tural/ROS2/build/rover_bringup/prefix_override:/usr/lib/python3/dist-packages/colcon_core/task/python/colcon_distutils_commands:/home/tural/ROS2/install/rover_bringup/lib/python3.12/site-packages:/home/tural/ROS2/install/motor_bridge/lib/python3.12/site-packages:/home/tural/ROS2/install/rover_bringup/lib/python3.12/site-packages:/opt/ros/jazzy/opt/gz_sim_vendor/lib/python:/opt/ros/jazzy/opt/sdformat_vendor/lib/python:/opt/ros/jazzy/opt/gz_transport_vendor/lib/python:/opt/ros/jazzy/opt/gz_msgs_vendor/lib/python:/opt/ros/jazzy/opt/gz_math_vendor/lib/python:/opt/ros/jazzy/lib/python3.12/site-packages /usr/bin/python3 -W ignore:setup.py install is deprecated -W ignore:easy_install command is deprecated setup.py egg_info --egg-base ../../build/rover_bringup build --build-base /home/tural/ROS2/build/rover_bringup/build install --record /home/tural/ROS2/build/rover_bringup/install.log --install-scripts $base/lib/rover_bringup --single-version-externally-managed install_data
